21:05:44 **** Incremental Build of configuration Debug for project APP1_test ****
make -j20 all 
arm-none-eabi-gcc "../Core/Src/main.c" -mcpu=cortex-m4 -std=gnu11 -g3 -DDEBUG -DUSE_HAL_DRIVER -DSTM32F401xE -c -I../Core/Inc -I../Drivers/STM32F4xx_HAL_Driver/Inc -I../Drivers/STM32F4xx_HAL_Driver/Inc/Legacy -I../Drivers/CMSIS/Device/ST/STM32F4xx/Include -I../Drivers/CMSIS/Include -O0 -ffunction-sections -fdata-sections -Wall -fstack-usage -fcyclomatic-complexity -MMD -MP -MF"Core/Src/main.d" -MT"Core/Src/main.o" --specs=nano.specs -mfpu=fpv4-sp-d16 -mfloat-abi=hard -mthumb -o "Core/Src/main.o"
arm-none-eabi-gcc -o "APP1_test.elf" @"objects.list"   -mcpu=cortex-m4 -T"C:\Users\Yazid NOURENI\STM32CubeIDE\Application\APP1_test\STM32F401RETX_FLASH.ld" --specs=nosys.specs -Wl,-Map="APP1_test.map" -Wl,--gc-sections -static --specs=nano.specs -mfpu=fpv4-sp-d16 -mfloat-abi=hard -mthumb -Wl,--start-group -lc -lm -Wl,--end-group
Finished building target: APP1_test.elf
 
arm-none-eabi-size  APP1_test.elf 
arm-none-eabi-objdump -h -S APP1_test.elf  > "APP1_test.list"
arm-none-eabi-objcopy  -O binary APP1_test.elf  "APP1_test.bin"
   text	   data	    bss	    dec	    hex	filename
  14460	    104	   1976	  16540	   409c	APP1_test.elf
Finished building: default.size.stdout
 
Finished building: APP1_test.bin
 
Finished building: APP1_test.list
 

21:05:44 Build Finished. 0 errors, 0 warnings. (took 758ms)

