21:05:50 **** Incremental Build of configuration Debug for project Bootloader ****
make -j20 all 
arm-none-eabi-gcc "../Core/Src/main.c" -mcpu=cortex-m4 -std=gnu11 -g3 -DDEBUG -DUSE_HAL_DRIVER -DSTM32F401xE -c -I../Core/Inc -I../Drivers/STM32F4xx_HAL_Driver/Inc -I../Drivers/STM32F4xx_HAL_Driver/Inc/Legacy -I../Drivers/CMSIS/Device/ST/STM32F4xx/Include -I../Drivers/CMSIS/Include -O0 -ffunction-sections -fdata-sections -Wall -fstack-usage -fcyclomatic-complexity -MMD -MP -MF"Core/Src/main.d" -MT"Core/Src/main.o" --specs=nano.specs -mfpu=fpv4-sp-d16 -mfloat-abi=hard -mthumb -o "Core/Src/main.o"
arm-none-eabi-gcc -o "Bootloader.elf" @"objects.list"   -mcpu=cortex-m4 -T"C:\Users\Yazid NOURENI\STM32CubeIDE\Bootloader\Bootloader\STM32F401RETX_FLASH.ld" --specs=nosys.specs -Wl,-Map="Bootloader.map" -Wl,--gc-sections -static --specs=nano.specs -mfpu=fpv4-sp-d16 -mfloat-abi=hard -mthumb -Wl,--start-group -lc -lm -Wl,--end-group
Finished building target: Bootloader.elf
 
arm-none-eabi-size  Bootloader.elf 
arm-none-eabi-objdump -h -S Bootloader.elf  > "Bootloader.list"
arm-none-eabi-objcopy  -O binary Bootloader.elf  "Bootloader.bin"
   text	   data	    bss	    dec	    hex	filename
  15172	    104	   1976	  17252	   4364	Bootloader.elf
Finished building: default.size.stdout
 
Finished building: Bootloader.bin
 
Finished building: Bootloader.list
 
