Archive member included to satisfy reference by file (symbol)

C:/ST/STM32CubeIDE_1.19.0/STM32CubeIDE/plugins/com.st.stm32cube.ide.mcu.externaltools.gnu-tools-for-stm32.13.3.rel1.win32_1.0.100.202509120712/tools/bin/../lib/gcc/arm-none-eabi/13.3.1/../../../../arm-none-eabi/lib/thumb/v7e-m+fp/hard\libc_nano.a(libc_a-exit.o)
                              C:/ST/STM32CubeIDE_1.19.0/STM32CubeIDE/plugins/com.st.stm32cube.ide.mcu.externaltools.gnu-tools-for-stm32.13.3.rel1.win32_1.0.100.202509120712/tools/bin/../lib/gcc/arm-none-eabi/13.3.1/../../../../arm-none-eabi/lib/thumb/v7e-m+fp/hard/crt0.o (exit)
C:/ST/STM32CubeIDE_1.19.0/STM32CubeIDE/plugins/com.st.stm32cube.ide.mcu.externaltools.gnu-tools-for-stm32.13.3.rel1.win32_1.0.100.202509120712/tools/bin/../lib/gcc/arm-none-eabi/13.3.1/../../../../arm-none-eabi/lib/thumb/v7e-m+fp/hard\libc_nano.a(libc_a-findfp.o)
                              C:/ST/STM32CubeIDE_1.19.0/STM32CubeIDE/plugins/com.st.stm32cube.ide.mcu.externaltools.gnu-tools-for-stm32.13.3.rel1.win32_1.0.100.202509120712/tools/bin/../lib/gcc/arm-none-eabi/13.3.1/../../../../arm-none-eabi/lib/thumb/v7e-m+fp/hard\libc_nano.a(libc_a-exit.o) (__stdio_exit_handler)
C:/ST/STM32CubeIDE_1.19.0/STM32CubeIDE/plugins/com.st.stm32cube.ide.mcu.externaltools.gnu-tools-for-stm32.13.3.rel1.win32_1.0.100.202509120712/tools/bin/../lib/gcc/arm-none-eabi/13.3.1/../../../../arm-none-eabi/lib/thumb/v7e-m+fp/hard\libc_nano.a(libc_a-fwalk.o)
                              C:/ST/STM32CubeIDE_1.19.0/STM32CubeIDE/plugins/com.st.stm32cube.ide.mcu.externaltools.gnu-tools-for-stm32.13.3.rel1.win32_1.0.100.202509120712/tools/bin/../lib/gcc/arm-none-eabi/13.3.1/../../../../arm-none-eabi/lib/thumb/v7e-m+fp/hard\libc_nano.a(libc_a-findfp.o) (_fwalk_sglue)
C:/ST/STM32CubeIDE_1.19.0/STM32CubeIDE/plugins/com.st.stm32cube.ide.mcu.externaltools.gnu-tools-for-stm32.13.3.rel1.win32_1.0.100.202509120712/tools/bin/../lib/gcc/arm-none-eabi/13.3.1/../../../../arm-none-eabi/lib/thumb/v7e-m+fp/hard\libc_nano.a(libc_a-printf.o)
                              ./Core/Src/main.o (printf)
C:/ST/STM32CubeIDE_1.19.0/STM32CubeIDE/plugins/com.st.stm32cube.ide.mcu.externaltools.gnu-tools-for-stm32.13.3.rel1.win32_1.0.100.202509120712/tools/bin/../lib/gcc/arm-none-eabi/13.3.1/../../../../arm-none-eabi/lib/thumb/v7e-m+fp/hard\libc_nano.a(libc_a-stdio.o)
                              C:/ST/STM32CubeIDE_1.19.0/STM32CubeIDE/plugins/com.st.stm32cube.ide.mcu.externaltools.gnu-tools-for-stm32.13.3.rel1.win32_1.0.100.202509120712/tools/bin/../lib/gcc/arm-none-eabi/13.3.1/../../../../arm-none-eabi/lib/thumb/v7e-m+fp/hard\libc_nano.a(libc_a-findfp.o) (__sread)
C:/ST/STM32CubeIDE_1.19.0/STM32CubeIDE/plugins/com.st.stm32cube.ide.mcu.externaltools.gnu-tools-for-stm32.13.3.rel1.win32_1.0.100.202509120712/tools/bin/../lib/gcc/arm-none-eabi/13.3.1/../../../../arm-none-eabi/lib/thumb/v7e-m+fp/hard\libc_nano.a(libc_a-memset.o)
                              C:/ST/STM32CubeIDE_1.19.0/STM32CubeIDE/plugins/com.st.stm32cube.ide.mcu.externaltools.gnu-tools-for-stm32.13.3.rel1.win32_1.0.100.202509120712/tools/bin/../lib/gcc/arm-none-eabi/13.3.1/../../../../arm-none-eabi/lib/thumb/v7e-m+fp/hard/crt0.o (memset)
C:/ST/STM32CubeIDE_1.19.0/STM32CubeIDE/plugins/com.st.stm32cube.ide.mcu.externaltools.gnu-tools-for-stm32.13.3.rel1.win32_1.0.100.202509120712/tools/bin/../lib/gcc/arm-none-eabi/13.3.1/../../../../arm-none-eabi/lib/thumb/v7e-m+fp/hard\libc_nano.a(libc_a-closer.o)
                              C:/ST/STM32CubeIDE_1.19.0/STM32CubeIDE/plugins/com.st.stm32cube.ide.mcu.externaltools.gnu-tools-for-stm32.13.3.rel1.win32_1.0.100.202509120712/tools/bin/../lib/gcc/arm-none-eabi/13.3.1/../../../../arm-none-eabi/lib/thumb/v7e-m+fp/hard\libc_nano.a(libc_a-stdio.o) (_close_r)
C:/ST/STM32CubeIDE_1.19.0/STM32CubeIDE/plugins/com.st.stm32cube.ide.mcu.externaltools.gnu-tools-for-stm32.13.3.rel1.win32_1.0.100.202509120712/tools/bin/../lib/gcc/arm-none-eabi/13.3.1/../../../../arm-none-eabi/lib/thumb/v7e-m+fp/hard\libc_nano.a(libc_a-reent.o)
                              C:/ST/STM32CubeIDE_1.19.0/STM32CubeIDE/plugins/com.st.stm32cube.ide.mcu.externaltools.gnu-tools-for-stm32.13.3.rel1.win32_1.0.100.202509120712/tools/bin/../lib/gcc/arm-none-eabi/13.3.1/../../../../arm-none-eabi/lib/thumb/v7e-m+fp/hard\libc_nano.a(libc_a-closer.o) (errno)
C:/ST/STM32CubeIDE_1.19.0/STM32CubeIDE/plugins/com.st.stm32cube.ide.mcu.externaltools.gnu-tools-for-stm32.13.3.rel1.win32_1.0.100.202509120712/tools/bin/../lib/gcc/arm-none-eabi/13.3.1/../../../../arm-none-eabi/lib/thumb/v7e-m+fp/hard\libc_nano.a(libc_a-impure.o)
                              C:/ST/STM32CubeIDE_1.19.0/STM32CubeIDE/plugins/com.st.stm32cube.ide.mcu.externaltools.gnu-tools-for-stm32.13.3.rel1.win32_1.0.100.202509120712/tools/bin/../lib/gcc/arm-none-eabi/13.3.1/../../../../arm-none-eabi/lib/thumb/v7e-m+fp/hard\libc_nano.a(libc_a-printf.o) (_impure_ptr)
[...]
Memory Configuration

Name             Origin             Length             Attributes
RAM              0x20000000         0x00018000         xrw
FLASH            0x08008000         0x00038000         xr
*default*        0x00000000         0xffffffff

Linker script and memory map

LOAD C:/ST/STM32CubeIDE_1.19.0/STM32CubeIDE/plugins/com.st.stm32cube.ide.mcu.externaltools.gnu-tools-for-stm32.13.3.rel1.win32_1.0.100.202509120712/tools/bin/../lib/gcc/arm-none-eabi/13.3.1/thumb/v7e-m+fp/hard/crti.o
LOAD C:/ST/STM32CubeIDE_1.19.0/STM32CubeIDE/plugins/com.st.stm32cube.ide.mcu.externaltools.gnu-tools-for-stm32.13.3.rel1.win32_1.0.100.202509120712/tools/bin/../lib/gcc/arm-none-eabi/13.3.1/thumb/v7e-m+fp/hard/crtbegin.o
LOAD C:/ST/STM32CubeIDE_1.19.0/STM32CubeIDE/plugins/com.st.stm32cube.ide.mcu.externaltools.gnu-tools-for-stm32.13.3.rel1.win32_1.0.100.202509120712/tools/bin/../lib/gcc/arm-none-eabi/13.3.1/../../../../arm-none-eabi/lib/thumb/v7e-m+fp/hard/crt0.o
LOAD ./Core/Src/main.o
LOAD ./Core/Src/stm32f4xx_hal_msp.o
LOAD ./Core/Src/stm32f4xx_it.o
LOAD ./Core/Src/syscalls.o
LOAD ./Core/Src/sysmem.o
LOAD ./Core/Src/system_stm32f4xx.o
LOAD ./Core/Startup/startup_stm32f401retx.o
LOAD ./Drivers/STM32F4xx_HAL_Driver/Src/stm32f4xx_hal.o
LOAD ./Drivers/STM32F4xx_HAL_Driver/Src/stm32f4xx_hal_cortex.o
LOAD ./Drivers/STM32F4xx_HAL_Driver/Src/stm32f4xx_hal_dma.o
LOAD ./Drivers/STM32F4xx_HAL_Driver/Src/stm32f4xx_hal_dma_ex.o
LOAD ./Drivers/STM32F4xx_HAL_Driver/Src/stm32f4xx_hal_exti.o
LOAD ./Drivers/STM32F4xx_HAL_Driver/Src/stm32f4xx_hal_flash.o
LOAD ./Drivers/STM32F4xx_HAL_Driver/Src/stm32f4xx_hal_flash_ex.o
LOAD ./Drivers/STM32F4xx_HAL_Driver/Src/stm32f4xx_hal_flash_ramfunc.o
LOAD ./Drivers/STM32F4xx_HAL_Driver/Src/stm32f4xx_hal_gpio.o
LOAD ./Drivers/STM32F4xx_HAL_Driver/Src/stm32f4xx_hal_pwr.o
LOAD ./Drivers/STM32F4xx_HAL_Driver/Src/stm32f4xx_hal_pwr_ex.o
LOAD ./Drivers/STM32F4xx_HAL_Driver/Src/stm32f4xx_hal_rcc.o
LOAD ./Drivers/STM32F4xx_HAL_Driver/Src/stm32f4xx_hal_rcc_ex.o
LOAD ./Drivers/STM32F4xx_HAL_Driver/Src/stm32f4xx_hal_uart.o
START GROUP
LOAD C:/ST/STM32CubeIDE_1.19.0/STM32CubeIDE/plugins/com.st.stm32cube.ide.mcu.externaltools.gnu-tools-for-stm32.13.3.rel1.win32_1.0.100.202509120712/tools/bin/../lib/gcc/arm-none-eabi/13.3.1/../../../../arm-none-eabi/lib/thumb/v7e-m+fp/hard\libc_nano.a
LOAD C:/ST/STM32CubeIDE_1.19.0/STM32CubeIDE/plugins/com.st.stm32cube.ide.mcu.externaltools.gnu-tools-for-stm32.13.3.rel1.win32_1.0.100.202509120712/tools/bin/../lib/gcc/arm-none-eabi/13.3.1/../../../../arm-none-eabi/lib/thumb/v7e-m+fp/hard\libm.a
END GROUP
START GROUP
LOAD C:/ST/STM32CubeIDE_1.19.0/STM32CubeIDE/plugins/com.st.stm32cube.ide.mcu.externaltools.gnu-tools-for-stm32.13.3.rel1.win32_1.0.100.202509120712/tools/bin/../lib/gcc/arm-none-eabi/13.3.1/thumb/v7e-m+fp/hard\libgcc.a
LOAD C:/ST/STM32CubeIDE_1.19.0/STM32CubeIDE/plugins/com.st.stm32cube.ide.mcu.externaltools.gnu-tools-for-stm32.13.3.rel1.win32_1.0.100.202509120712/tools/bin/../lib/gcc/arm-none-eabi/13.3.1/../../../../arm-none-eabi/lib/thumb/v7e-m+fp/hard\libc_nano.a
END GROUP
START GROUP
LOAD C:/ST/STM32CubeIDE_1.19.0/STM32CubeIDE/plugins/com.st.stm32cube.ide.mcu.externaltools.gnu-tools-for-stm32.13.3.rel1.win32_1.0.100.202509120712/tools/bin/../lib/gcc/arm-none-eabi/13.3.1/thumb/v7e-m+fp/hard\libgcc.a
LOAD C:/ST/STM32CubeIDE_1.19.0/STM32CubeIDE/plugins/com.st.stm32cube.ide.mcu.externaltools.gnu-tools-for-stm32.13.3.rel1.win32_1.0.100.202509120712/tools/bin/../lib/gcc/arm-none-eabi/13.3.1/../../../../arm-none-eabi/lib/thumb/v7e-m+fp/hard\libc_nano.a
LOAD C:/ST/STM32CubeIDE_1.19.0/STM32CubeIDE/plugins/com.st.stm32cube.ide.mcu.externaltools.gnu-tools-for-stm32.13.3.rel1.win32_1.0.100.202509120712/tools/bin/../lib/gcc/arm-none-eabi/13.3.1/../../../../arm-none-eabi/lib/thumb/v7e-m+fp/hard\libnosys.a
END GROUP
START GROUP
LOAD C:/ST/STM32CubeIDE_1.19.0/STM32CubeIDE/plugins/com.st.stm32cube.ide.mcu.externaltools.gnu-tools-for-stm32.13.3.rel1.win32_1.0.100.202509120712/tools/bin/../lib/gcc/arm-none-eabi/13.3.1/thumb/v7e-m+fp/hard\libgcc.a
LOAD C:/ST/STM32CubeIDE_1.19.0/STM32CubeIDE/plugins/com.st.stm32cube.ide.mcu.externaltools.gnu-tools-for-stm32.13.3.rel1.win32_1.0.100.202509120712/tools/bin/../lib/gcc/arm-none-eabi/13.3.1/../../../../arm-none-eabi/lib/thumb/v7e-m+fp/hard\libc_nano.a
LOAD C:/ST/STM32CubeIDE_1.19.0/STM32CubeIDE/plugins/com.st.stm32cube.ide.mcu.externaltools.gnu-tools-for-stm32.13.3.rel1.win32_1.0.100.202509120712/tools/bin/../lib/gcc/arm-none-eabi/13.3.1/../../../../arm-none-eabi/lib/thumb/v7e-m+fp/hard\libnosys.a
END GROUP
LOAD C:/ST/STM32CubeIDE_1.19.0/STM32CubeIDE/plugins/com.st.stm32cube.ide.mcu.externaltools.gnu-tools-for-stm32.13.3.rel1.win32_1.0.100.202509120712/tools/bin/../lib/gcc/arm-none-eabi/13.3.1/thumb/v7e-m+fp/hard/crtend.o
LOAD C:/ST/STM32CubeIDE_1.19.0/STM32CubeIDE/plugins/com.st.stm32cube.ide.mcu.externaltools.gnu-tools-for-stm32.13.3.rel1.win32_1.0.100.202509120712/tools/bin/../lib/gcc/arm-none-eabi/13.3.1/thumb/v7e-m+fp/hard/crtn.o
                0x20018000                        _estack = (ORIGIN (RAM) + LENGTH (RAM))
                0x00000200                        _Min_Heap_Size = 0x200
                0x00000400                        _Min_Stack_Size = 0x400

.isr_vector     0x08008000      0x194
                0x08008000                        . = ALIGN (0x4)
 *(.isr_vector)
 .isr_vector    0x08008000      0x194 ./Core/Startup/startup_stm32f401retx.o
                0x08008000                g_pfnVectors
                0x08008194                        . = ALIGN (0x4)

.text           0x080081a0     0x366c
                0x080081a0                        . = ALIGN (0x4)
 *(.text)
 .text          0x080081a0       0x40 C:/ST/STM32CubeIDE_1.19.0/STM32CubeIDE/plugins/com.st.stm32cube.ide.mcu.externaltools.gnu-tools-for-stm32.13.3.rel1.win32_1.0.100.202509120712/tools/bin/../lib/gcc/arm-none-eabi/13.3.1/thumb/v7e-m+fp/hard/crtbegin.o
 .text          0x080081e0       0xa0 C:/ST/STM32CubeIDE_1.19.0/STM32CubeIDE/plugins/com.st.stm32cube.ide.mcu.externaltools.gnu-tools-for-stm32.13.3.rel1.win32_1.0.100.202509120712/tools/bin/../lib/gcc/arm-none-eabi/13.3.1/../../../../arm-none-eabi/lib/thumb/v7e-m+fp/hard\libc_nano.a(libc_a-memchr.o)
                0x080081e0                memchr
 .text          0x08008280       0x30 C:/ST/STM32CubeIDE_1.19.0/STM32CubeIDE/plugins/com.st.stm32cube.ide.mcu.externaltools.gnu-tools-for-stm32.13.3.rel1.win32_1.0.100.202509120712/tools/bin/../lib/gcc/arm-none-eabi/13.3.1/thumb/v7e-m+fp/hard\libgcc.a(_aeabi_uldivmod.o)
                0x08008280                __aeabi_uldivmod
 .text          0x080082b0      0x2f8 C:/ST/STM32CubeIDE_1.19.0/STM32CubeIDE/plugins/com.st.stm32cube.ide.mcu.externaltools.gnu-tools-for-stm32.13.3.rel1.win32_1.0.100.202509120712/tools/bin/../lib/gcc/arm-none-eabi/13.3.1/thumb/v7e-m+fp/hard\libgcc.a(_udivmoddi4.o)
                0x080082b0                __udivmoddi4
 .text          0x080085a8        0x4 C:/ST/STM32CubeIDE_1.19.0/STM32CubeIDE/plugins/com.st.stm32cube.ide.mcu.externaltools.gnu-tools-for-stm32.13.3.rel1.win32_1.0.100.202509120712/tools/bin/../lib/gcc/arm-none-eabi/13.3.1/thumb/v7e-m+fp/hard\libgcc.a(_dvmd_tls.o)
                0x080085a8                __aeabi_idiv0
                0x080085a8                __aeabi_ldiv0
 *(.text*)
 .text.main     0x080085ac       0x40 ./Core/Src/main.o
                0x080085ac                main
 .text.SystemClock_Config
                0x080085ec       0xc0 ./Core/Src/main.o
                0x080085ec                SystemClock_Config
 .text.MX_USART2_UART_Init
                0x080086ac       0x54 ./Core/Src/main.o
 .text.MX_GPIO_Init
                0x08008700       0x68 ./Core/Src/main.o
 .text.Error_Handler
                0x08008768        0xc ./Core/Src/main.o
                0x08008768                Error_Handler
 .text.HAL_MspInit
                0x08008774       0x50 ./Core/Src/stm32f4xx_hal_msp.o
                0x08008774                HAL_MspInit
 .text.HAL_UART_MspInit
                0x080087c4       0xa0 ./Core/Src/stm32f4xx_hal_msp.o
                0x080087c4                HAL_UART_MspInit
 .text.NMI_Handler
                0x08008864        0x8 ./Core/Src/stm32f4xx_it.o
                0x08008864                NMI_Handler
 .text.HardFault_Handler
                0x0800886c        0x8 ./Core/Src/stm32f4xx_it.o
                0x0800886c                HardFault_Handler
 .text.MemManage_Handler
                0x08008874        0x8 ./Core/Src/stm32f4xx_it.o
                0x08008874                MemManage_Handler
 .text.BusFault_Handler
                0x0800887c        0x8 ./Core/Src/stm32f4xx_it.o
                0x0800887c                BusFault_Handler
 .text.UsageFault_Handler
                0x08008884        0x8 ./Core/Src/stm32f4xx_it.o
                0x08008884                UsageFault_Handler
 .text.SVC_Handler
                0x0800888c        0xe ./Core/Src/stm32f4xx_it.o
                0x0800888c                SVC_Handler
 .text.DebugMon_Handler
                0x0800889a        0xe ./Core/Src/stm32f4xx_it.o
                0x0800889a                DebugMon_Handler
 .text.PendSV_Handler
                0x080088a8        0xe ./Core/Src/stm32f4xx_it.o
                0x080088a8                PendSV_Handler
 .text.SysTick_Handler
                0x080088b6        0xc ./Core/Src/stm32f4xx_it.o
                0x080088b6                SysTick_Handler
 *fill*         0x080088c2        0x2 
 .text.USART2_IRQHandler
                0x080088c4       0x14 ./Core/Src/stm32f4xx_it.o
                0x080088c4                USART2_IRQHandler
 .text._read    0x080088d8       0x3a ./Core/Src/syscalls.o
                0x080088d8                _read
 .text._write   0x08008912       0x38 ./Core/Src/syscalls.o
                0x08008912                _write
 .text._close   0x0800894a       0x18 ./Core/Src/syscalls.o
                0x0800894a                _close
 .text._fstat   0x08008962       0x20 ./Core/Src/syscalls.o
                0x08008962                _fstat
 .text._isatty  0x08008982       0x16 ./Core/Src/syscalls.o
                0x08008982                _isatty
 .text._lseek   0x08008998       0x1a ./Core/Src/syscalls.o
                0x08008998                _lseek
 *fill*         0x080089b2        0x2 
 .text._sbrk    0x080089b4       0x6c ./Core/Src/sysmem.o
                0x080089b4                _sbrk
 .text.SystemInit
                0x08008a20       0x2c ./Core/Src/system_stm32f4xx.o
                0x08008a20                SystemInit
 .text.Reset_Handler
                0x08008a4c       0x50 ./Core/Startup/startup_stm32f401retx.o
                0x08008a4c                Reset_Handler
 .text.Default_Handler
                0x08008a9c        0x2 ./Core/Startup/startup_stm32f401retx.o
                0x08008a9c                RTC_Alarm_IRQHandler
                0x08008a9c                EXTI2_IRQHandler
                0x08008a9c                SPI4_IRQHandler
                0x08008a9c                TIM1_CC_IRQHandler
                0x08008a9c                DMA2_Stream5_IRQHandler
                0x08008a9c                DMA1_Stream5_IRQHandler
                0x08008a9c                PVD_IRQHandler
                0x08008a9c                SDIO_IRQHandler
                0x08008a9c                TAMP_STAMP_IRQHandler
                0x08008a9c                EXTI3_IRQHandler
                0x08008a9c                TIM1_UP_TIM10_IRQHandler
                0x08008a9c                I2C3_ER_IRQHandler
                0x08008a9c                EXTI0_IRQHandler
                0x08008a9c                I2C2_EV_IRQHandler
                0x08008a9c                DMA1_Stream2_IRQHandler
                0x08008a9c                FPU_IRQHandler
                0x08008a9c                DMA2_Stream2_IRQHandler
                0x08008a9c                SPI1_IRQHandler
                0x08008a9c                TIM1_BRK_TIM9_IRQHandler
                0x08008a9c                DMA2_Stream3_IRQHandler
                0x08008a9c                USART6_IRQHandler
                0x08008a9c                DMA2_Stream0_IRQHandler
                0x08008a9c                TIM4_IRQHandler
                0x08008a9c                I2C1_EV_IRQHandler
                0x08008a9c                DMA1_Stream6_IRQHandler
                0x08008a9c                DMA1_Stream1_IRQHandler
                0x08008a9c                TIM3_IRQHandler
                0x08008a9c                RCC_IRQHandler
                0x08008a9c                Default_Handler
                0x08008a9c                EXTI15_10_IRQHandler
                0x08008a9c                ADC_IRQHandler
                0x08008a9c                DMA1_Stream7_IRQHandler
                0x08008a9c                TIM5_IRQHandler
                0x08008a9c                DMA2_Stream7_IRQHandler
                0x08008a9c                I2C3_EV_IRQHandler
                0x08008a9c                EXTI9_5_IRQHandler
                0x08008a9c                RTC_WKUP_IRQHandler
                0x08008a9c                SPI2_IRQHandler
                0x08008a9c                DMA1_Stream0_IRQHandler
                0x08008a9c                EXTI4_IRQHandler
                0x08008a9c                WWDG_IRQHandler
                0x08008a9c                TIM2_IRQHandler
                0x08008a9c                OTG_FS_WKUP_IRQHandler
                0x08008a9c                TIM1_TRG_COM_TIM11_IRQHandler
                0x08008a9c                EXTI1_IRQHandler
                0x08008a9c                I2C2_ER_IRQHandler
                0x08008a9c                DMA2_Stream1_IRQHandler
                0x08008a9c                FLASH_IRQHandler
                0x08008a9c                DMA2_Stream4_IRQHandler
                0x08008a9c                USART1_IRQHandler
                0x08008a9c                OTG_FS_IRQHandler
                0x08008a9c                SPI3_IRQHandler
                0x08008a9c                DMA1_Stream4_IRQHandler
                0x08008a9c                I2C1_ER_IRQHandler
                0x08008a9c                DMA2_Stream6_IRQHandler
                0x08008a9c                DMA1_Stream3_IRQHandler
 *fill*         0x08008a9e        0x2 
 .text.HAL_Init
                0x08008aa0       0x44 ./Drivers/STM32F4xx_HAL_Driver/Src/stm32f4xx_hal.o
                0x08008aa0                HAL_Init
 .text.HAL_InitTick
                0x08008ae4       0x60 ./Drivers/STM32F4xx_HAL_Driver/Src/stm32f4xx_hal.o
                0x08008ae4                HAL_InitTick
 .text.HAL_IncTick
                0x08008b44       0x28 ./Drivers/STM32F4xx_HAL_Driver/Src/stm32f4xx_hal.o
                0x08008b44                HAL_IncTick
 .text.HAL_GetTick
                0x08008b6c       0x18 ./Drivers/STM32F4xx_HAL_Driver/Src/stm32f4xx_hal.o
                0x08008b6c                HAL_GetTick
 .text.HAL_Delay
                0x08008b84       0x48 ./Drivers/STM32F4xx_HAL_Driver/Src/stm32f4xx_hal.o
                0x08008b84                HAL_Delay
 .text.__NVIC_SetPriorityGrouping
                0x08008bcc       0x48 ./Drivers/STM32F4xx_HAL_Driver/Src/stm32f4xx_hal_cortex.o
 .text.__NVIC_GetPriorityGrouping
                0x08008c14       0x1c ./Drivers/STM32F4xx_HAL_Driver/Src/stm32f4xx_hal_cortex.o
 .text.__NVIC_EnableIRQ
                0x08008c30       0x3c ./Drivers/STM32F4xx_HAL_Driver/Src/stm32f4xx_hal_cortex.o
 .text.__NVIC_SetPriority
                0x08008c6c       0x54 ./Drivers/STM32F4xx_HAL_Driver/Src/stm32f4xx_hal_cortex.o
 .text.NVIC_EncodePriority
                0x08008cc0       0x66 ./Drivers/STM32F4xx_HAL_Driver/Src/stm32f4xx_hal_cortex.o
 *fill*         0x08008d26        0x2 
 .text.SysTick_Config
                0x08008d28       0x44 ./Drivers/STM32F4xx_HAL_Driver/Src/stm32f4xx_hal_cortex.o
 .text.HAL_NVIC_SetPriorityGrouping
                0x08008d6c       0x16 ./Drivers/STM32F4xx_HAL_Driver/Src/stm32f4xx_hal_cortex.o
                0x08008d6c                HAL_NVIC_SetPriorityGrouping
 .text.HAL_NVIC_SetPriority
                0x08008d82       0x38 ./Drivers/STM32F4xx_HAL_Driver/Src/stm32f4xx_hal_cortex.o
                0x08008d82                HAL_NVIC_SetPriority
 .text.HAL_NVIC_EnableIRQ
                0x08008dba       0x1c ./Drivers/STM32F4xx_HAL_Driver/Src/stm32f4xx_hal_cortex.o
                0x08008dba                HAL_NVIC_EnableIRQ
 .text.HAL_SYSTICK_Config
                0x08008dd6       0x18 ./Drivers/STM32F4xx_HAL_Driver/Src/stm32f4xx_hal_cortex.o
                0x08008dd6                HAL_SYSTICK_Config
 .text.HAL_DMA_Abort
                0x08008dee       0xe0 ./Drivers/STM32F4xx_HAL_Driver/Src/stm32f4xx_hal_dma.o
                0x08008dee                HAL_DMA_Abort
 .text.HAL_DMA_Abort_IT
                0x08008ece       0x44 ./Drivers/STM32F4xx_HAL_Driver/Src/stm32f4xx_hal_dma.o
                0x08008ece                HAL_DMA_Abort_IT
 *fill*         0x08008f12        0x2 
 .text.HAL_GPIO_Init
                0x08008f14      0x308 ./Drivers/STM32F4xx_HAL_Driver/Src/stm32f4xx_hal_gpio.o
                0x08008f14                HAL_GPIO_Init
 .text.HAL_GPIO_WritePin
                0x0800921c       0x32 ./Drivers/STM32F4xx_HAL_Driver/Src/stm32f4xx_hal_gpio.o
                0x0800921c                HAL_GPIO_WritePin
 .text.HAL_GPIO_TogglePin
                0x0800924e       0x34 ./Drivers/STM32F4xx_HAL_Driver/Src/stm32f4xx_hal_gpio.o
                0x0800924e                HAL_GPIO_TogglePin
 *fill*         0x08009282        0x2 
 .text.HAL_RCC_OscConfig
                0x08009284      0x4f0 ./Drivers/STM32F4xx_HAL_Driver/Src/stm32f4xx_hal_rcc.o
                0x08009284                HAL_RCC_OscConfig
 .text.HAL_RCC_ClockConfig
                0x08009774      0x1cc ./Drivers/STM32F4xx_HAL_Driver/Src/stm32f4xx_hal_rcc.o
                0x08009774                HAL_RCC_ClockConfig
 .text.HAL_RCC_GetSysClockFreq
                0x08009940      0x18c ./Drivers/STM32F4xx_HAL_Driver/Src/stm32f4xx_hal_rcc.o
                0x08009940                HAL_RCC_GetSysClockFreq
 .text.HAL_RCC_GetHCLKFreq
                0x08009acc       0x18 ./Drivers/STM32F4xx_HAL_Driver/Src/stm32f4xx_hal_rcc.o
                0x08009acc                HAL_RCC_GetHCLKFreq
 .text.HAL_RCC_GetPCLK1Freq
                0x08009ae4       0x28 ./Drivers/STM32F4xx_HAL_Driver/Src/stm32f4xx_hal_rcc.o
                0x08009ae4                HAL_RCC_GetPCLK1Freq
 .text.HAL_RCC_GetPCLK2Freq
                0x08009b0c       0x28 ./Drivers/STM32F4xx_HAL_Driver/Src/stm32f4xx_hal_rcc.o
                0x08009b0c                HAL_RCC_GetPCLK2Freq
 .text.HAL_UART_Init
                0x08009b34       0xa0 ./Drivers/STM32F4xx_HAL_Driver/Src/stm32f4xx_hal_uart.o
                0x08009b34                HAL_UART_Init
 .text.HAL_UART_IRQHandler
                0x08009bd4      0x554 ./Drivers/STM32F4xx_HAL_Driver/Src/stm32f4xx_hal_uart.o
                0x08009bd4                HAL_UART_IRQHandler
 .text.HAL_UART_TxCpltCallback
                0x0800a128       0x14 ./Drivers/STM32F4xx_HAL_Driver/Src/stm32f4xx_hal_uart.o
                0x0800a128                HAL_UART_TxCpltCallback
 .text.HAL_UART_RxCpltCallback
                0x0800a13c       0x14 ./Drivers/STM32F4xx_HAL_Driver/Src/stm32f4xx_hal_uart.o
                0x0800a13c                HAL_UART_RxCpltCallback
 .text.HAL_UART_ErrorCallback
                0x0800a150       0x14 ./Drivers/STM32F4xx_HAL_Driver/Src/stm32f4xx_hal_uart.o
                0x0800a150                HAL_UART_ErrorCallback
 .text.HAL_UARTEx_RxEventCallback
                0x0800a164       0x18 ./Drivers/STM32F4xx_HAL_Driver/Src/stm32f4xx_hal_uart.o
                0x0800a164                HAL_UARTEx_RxEventCallback
 .text.UART_EndRxTransfer
                0x0800a17c       0xc6 ./Drivers/STM32F4xx_HAL_Driver/Src/stm32f4xx_hal_uart.o
 .text.UART_DMAAbortOnError
                0x0800a242       0x22 ./Drivers/STM32F4xx_HAL_Driver/Src/stm32f4xx_hal_uart.o
 .text.UART_Transmit_IT
                0x0800a264       0xa0 ./Drivers/STM32F4xx_HAL_Driver/Src/stm32f4xx_hal_uart.o
 .text.UART_EndTransmit_IT
                0x0800a304       0x30 ./Drivers/STM32F4xx_HAL_Driver/Src/stm32f4xx_hal_uart.o
 .text.UART_Receive_IT
                0x0800a334      0x17c ./Drivers/STM32F4xx_HAL_Driver/Src/stm32f4xx_hal_uart.o
 .text.UART_SetConfig
                0x0800a4b0      0x4e8 ./Drivers/STM32F4xx_HAL_Driver/Src/stm32f4xx_hal_uart.o
 .text.std      0x0800a998       0x6c C:/ST/STM32CubeIDE_1.19.0/STM32CubeIDE/plugins/com.st.stm32cube.ide.mcu.externaltools.gnu-tools-for-stm32.13.3.rel1.win32_1.0.100.202509120712/tools/bin/../lib/gcc/arm-none-eabi/13.3.1/../../../../arm-none-eabi/lib/thumb/v7e-m+fp/hard\libc_nano.a(libc_a-findfp.o)
 .text.stdio_exit_handler
                0x0800aa04       0x18 C:/ST/STM32CubeIDE_1.19.0/STM32CubeIDE/plugins/com.st.stm32cube.ide.mcu.externaltools.gnu-tools-for-stm32.13.3.rel1.win32_1.0.100.202509120712/tools/bin/../lib/gcc/arm-none-eabi/13.3.1/../../../../arm-none-eabi/lib/thumb/v7e-m+fp/hard\libc_nano.a(libc_a-findfp.o)
 .text.cleanup_stdio
                0x0800aa1c       0x40 C:/ST/STM32CubeIDE_1.19.0/STM32CubeIDE/plugins/com.st.stm32cube.ide.mcu.externaltools.gnu-tools-for-stm32.13.3.rel1.win32_1.0.100.202509120712/tools/bin/../lib/gcc/arm-none-eabi/13.3.1/../../../../arm-none-eabi/lib/thumb/v7e-m+fp/hard\libc_nano.a(libc_a-findfp.o)
 .text.global_stdio_init.part.0
                0x0800aa5c       0x3c C:/ST/STM32CubeIDE_1.19.0/STM32CubeIDE/plugins/com.st.stm32cube.ide.mcu.externaltools.gnu-tools-for-stm32.13.3.rel1.win32_1.0.100.202509120712/tools/bin/../lib/gcc/arm-none-eabi/13.3.1/../../../../arm-none-eabi/lib/thumb/v7e-m+fp/hard\libc_nano.a(libc_a-findfp.o)
 .text.__sfp_lock_acquire
                0x0800aa98        0xc C:/ST/STM32CubeIDE_1.19.0/STM32CubeIDE/plugins/com.st.stm32cube.ide.mcu.externaltools.gnu-tools-for-stm32.13.3.rel1.win32_1.0.100.202509120712/tools/bin/../lib/gcc/arm-none-eabi/13.3.1/../../../../arm-none-eabi/lib/thumb/v7e-m+fp/hard\libc_nano.a(libc_a-findfp.o)
                0x0800aa98                __sfp_lock_acquire
 .text.__sfp_lock_release
                0x0800aaa4        0xc C:/ST/STM32CubeIDE_1.19.0/STM32CubeIDE/plugins/com.st.stm32cube.ide.mcu.externaltools.gnu-tools-for-stm32.13.3.rel1.win32_1.0.100.202509120712/tools/bin/../lib/gcc/arm-none-eabi/13.3.1/../../../../arm-none-eabi/lib/thumb/v7e-m+fp/hard\libc_nano.a(libc_a-findfp.o)
                0x0800aaa4                __sfp_lock_release
 .text.__sinit  0x0800aab0       0x30 C:/ST/STM32CubeIDE_1.19.0/STM32CubeIDE/plugins/com.st.stm32cube.ide.mcu.externaltools.gnu-tools-for-stm32.13.3.rel1.win32_1.0.100.202509120712/tools/bin/../lib/gcc/arm-none-eabi/13.3.1/../../../../arm-none-eabi/lib/thumb/v7e-m+fp/hard\libc_nano.a(libc_a-findfp.o)
                0x0800aab0                __sinit
 .text._fwalk_sglue
                0x0800aae0       0x3c C:/ST/STM32CubeIDE_1.19.0/STM32CubeIDE/plugins/com.st.stm32cube.ide.mcu.externaltools.gnu-tools-for-stm32.13.3.rel1.win32_1.0.100.202509120712/tools/bin/../lib/gcc/arm-none-eabi/13.3.1/../../../../arm-none-eabi/lib/thumb/v7e-m+fp/hard\libc_nano.a(libc_a-fwalk.o)
                0x0800aae0                _fwalk_sglue
 .text.printf   0x0800ab1c       0x24 C:/ST/STM32CubeIDE_1.19.0/STM32CubeIDE/plugins/com.st.stm32cube.ide.mcu.externaltools.gnu-tools-for-stm32.13.3.rel1.win32_1.0.100.202509120712/tools/bin/../lib/gcc/arm-none-eabi/13.3.1/../../../../arm-none-eabi/lib/thumb/v7e-m+fp/hard\libc_nano.a(libc_a-printf.o)
                0x0800ab1c                iprintf
                0x0800ab1c                printf
 .text.__sread  0x0800ab40       0x22 C:/ST/STM32CubeIDE_1.19.0/STM32CubeIDE/plugins/com.st.stm32cube.ide.mcu.externaltools.gnu-tools-for-stm32.13.3.rel1.win32_1.0.100.202509120712/tools/bin/../lib/gcc/arm-none-eabi/13.3.1/../../../../arm-none-eabi/lib/thumb/v7e-m+fp/hard\libc_nano.a(libc_a-stdio.o)
                0x0800ab40                __sread
 .text.__swrite
                0x0800ab62       0x38 C:/ST/STM32CubeIDE_1.19.0/STM32CubeIDE/plugins/com.st.stm32cube.ide.mcu.externaltools.gnu-tools-for-stm32.13.3.rel1.win32_1.0.100.202509120712/tools/bin/../lib/gcc/arm-none-eabi/13.3.1/../../../../arm-none-eabi/lib/thumb/v7e-m+fp/hard\libc_nano.a(libc_a-stdio.o)
                0x0800ab62                __swrite
 .text.__sseek  0x0800ab9a       0x24 C:/ST/STM32CubeIDE_1.19.0/STM32CubeIDE/plugins/com.st.stm32cube.ide.mcu.externaltools.gnu-tools-for-stm32.13.3.rel1.win32_1.0.100.202509120712/tools/bin/../lib/gcc/arm-none-eabi/13.3.1/../../../../arm-none-eabi/lib/thumb/v7e-m+fp/hard\libc_nano.a(libc_a-stdio.o)
                0x0800ab9a                __sseek
 .text.__sclose
                0x0800abbe        0x8 C:/ST/STM32CubeIDE_1.19.0/STM32CubeIDE/plugins/com.st.stm32cube.ide.mcu.externaltools.gnu-tools-for-stm32.13.3.rel1.win32_1.0.100.202509120712/tools/bin/../lib/gcc/arm-none-eabi/13.3.1/../../../../arm-none-eabi/lib/thumb/v7e-m+fp/hard\libc_nano.a(libc_a-stdio.o)
                0x0800abbe                __sclose
 .text.memset   0x0800abc6       0x10 C:/ST/STM32CubeIDE_1.19.0/STM32CubeIDE/plugins/com.st.stm32cube.ide.mcu.externaltools.gnu-tools-for-stm32.13.3.rel1.win32_1.0.100.202509120712/tools/bin/../lib/gcc/arm-none-eabi/13.3.1/../../../../arm-none-eabi/lib/thumb/v7e-m+fp/hard\libc_nano.a(libc_a-memset.o)
                0x0800abc6                memset
 *fill*         0x0800abd6        0x2 
 .text._close_r
                0x0800abd8       0x20 C:/ST/STM32CubeIDE_1.19.0/STM32CubeIDE/plugins/com.st.stm32cube.ide.mcu.externaltools.gnu-tools-for-stm32.13.3.rel1.win32_1.0.100.202509120712/tools/bin/../lib/gcc/arm-none-eabi/13.3.1/../../../../arm-none-eabi/lib/thumb/v7e-m+fp/hard\libc_nano.a(libc_a-closer.o)
                0x0800abd8                _close_r
 .text._lseek_r
                0x0800abf8       0x24 C:/ST/STM32CubeIDE_1.19.0/STM32CubeIDE/plugins/com.st.stm32cube.ide.mcu.externaltools.gnu-tools-for-stm32.13.3.rel1.win32_1.0.100.202509120712/tools/bin/../lib/gcc/arm-none-eabi/13.3.1/../../../../arm-none-eabi/lib/thumb/v7e-m+fp/hard\libc_nano.a(libc_a-lseekr.o)
                0x0800abf8                _lseek_r
 .text._read_r  0x0800ac1c       0x24 C:/ST/STM32CubeIDE_1.19.0/STM32CubeIDE/plugins/com.st.stm32cube.ide.mcu.externaltools.gnu-tools-for-stm32.13.3.rel1.win32_1.0.100.202509120712/tools/bin/../lib/gcc/arm-none-eabi/13.3.1/../../../../arm-none-eabi/lib/thumb/v7e-m+fp/hard\libc_nano.a(libc_a-readr.o)
                0x0800ac1c                _read_r
 .text._write_r
                0x0800ac40       0x24 C:/ST/STM32CubeIDE_1.19.0/STM32CubeIDE/plugins/com.st.stm32cube.ide.mcu.externaltools.gnu-tools-for-stm32.13.3.rel1.win32_1.0.100.202509120712/tools/bin/../lib/gcc/arm-none-eabi/13.3.1/../../../../arm-none-eabi/lib/thumb/v7e-m+fp/hard\libc_nano.a(libc_a-writer.o)
                0x0800ac40                _write_r
 .text.__errno  0x0800ac64        0xc C:/ST/STM32CubeIDE_1.19.0/STM32CubeIDE/plugins/com.st.stm32cube.ide.mcu.externaltools.gnu-tools-for-stm32.13.3.rel1.win32_1.0.100.202509120712/tools/bin/../lib/gcc/arm-none-eabi/13.3.1/../../../../arm-none-eabi/lib/thumb/v7e-m+fp/hard\libc_nano.a(libc_a-errno.o)
                0x0800ac64                __errno
 .text.__libc_init_array
                0x0800ac70       0x48 C:/ST/STM32CubeIDE_1.19.0/STM32CubeIDE/plugins/com.st.stm32cube.ide.mcu.externaltools.gnu-tools-for-stm32.13.3.rel1.win32_1.0.100.202509120712/tools/bin/../lib/gcc/arm-none-eabi/13.3.1/../../../../arm-none-eabi/lib/thumb/v7e-m+fp/hard\libc_nano.a(libc_a-init.o)
                0x0800ac70                __libc_init_array
 .text.__retarget_lock_init_recursive
                0x0800acb8        0x2 C:/ST/STM32CubeIDE_1.19.0/STM32CubeIDE/plugins/com.st.stm32cube.ide.mcu.externaltools.gnu-tools-for-stm32.13.3.rel1.win32_1.0.100.202509120712/tools/bin/../lib/gcc/arm-none-eabi/13.3.1/../../../../arm-none-eabi/lib/thumb/v7e-m+fp/hard\libc_nano.a(libc_a-lock.o)
                0x0800acb8                __retarget_lock_init_recursive
 .text.__retarget_lock_acquire_recursive
                0x0800acba        0x2 C:/ST/STM32CubeIDE_1.19.0/STM32CubeIDE/plugins/com.st.stm32cube.ide.mcu.externaltools.gnu-tools-for-stm32.13.3.rel1.win32_1.0.100.202509120712/tools/bin/../lib/gcc/arm-none-eabi/13.3.1/../../../../arm-none-eabi/lib/thumb/v7e-m+fp/hard\libc_nano.a(libc_a-lock.o)
                0x0800acba                __retarget_lock_acquire_recursive
 .text.__retarget_lock_release_recursive
                0x0800acbc        0x2 C:/ST/STM32CubeIDE_1.19.0/STM32CubeIDE/plugins/com.st.stm32cube.ide.mcu.externaltools.gnu-tools-for-stm32.13.3.rel1.win32_1.0.100.202509120712/tools/bin/../lib/gcc/arm-none-eabi/13.3.1/../../../../arm-none-eabi/lib/thumb/v7e-m+fp/hard\libc_nano.a(libc_a-lock.o)
                0x0800acbc                __retarget_lock_release_recursive
 *fill*         0x0800acbe        0x2 
 .text._free_r  0x0800acc0       0x94 C:/ST/STM32CubeIDE_1.19.0/STM32CubeIDE/plugins/com.st.stm32cube.ide.mcu.externaltools.gnu-tools-for-stm32.13.3.rel1.win32_1.0.100.202509120712/tools/bin/../lib/gcc/arm-none-eabi/13.3.1/../../../../arm-none-eabi/lib/thumb/v7e-m+fp/hard\libc_nano.a(libc_a-freer.o)
                0x0800acc0                _free_r
 .text.sbrk_aligned
                0x0800ad54       0x44 C:/ST/STM32CubeIDE_1.19.0/STM32CubeIDE/plugins/com.st.stm32cube.ide.mcu.externaltools.gnu-tools-for-stm32.13.3.rel1.win32_1.0.100.202509120712/tools/bin/../lib/gcc/arm-none-eabi/13.3.1/../../../../arm-none-eabi/lib/thumb/v7e-m+fp/hard\libc_nano.a(libc_a-mallocr.o)
 .text._malloc_r
                0x0800ad98      0x100 C:/ST/STM32CubeIDE_1.19.0/STM32CubeIDE/plugins/com.st.stm32cube.ide.mcu.externaltools.gnu-tools-for-stm32.13.3.rel1.win32_1.0.100.202509120712/tools/bin/../lib/gcc/arm-none-eabi/13.3.1/../../../../arm-none-eabi/lib/thumb/v7e-m+fp/hard\libc_nano.a(libc_a-mallocr.o)
                0x0800ad98                _malloc_r
 .text.__malloc_lock
                0x0800ae98        0xc C:/ST/STM32CubeIDE_1.19.0/STM32CubeIDE/plugins/com.st.stm32cube.ide.mcu.externaltools.gnu-tools-for-stm32.13.3.rel1.win32_1.0.100.202509120712/tools/bin/../lib/gcc/arm-none-eabi/13.3.1/../../../../arm-none-eabi/lib/thumb/v7e-m+fp/hard\libc_nano.a(libc_a-mlock.o)
                0x0800ae98                __malloc_lock
 .text.__malloc_unlock
                0x0800aea4        0xc C:/ST/STM32CubeIDE_1.19.0/STM32CubeIDE/plugins/com.st.stm32cube.ide.mcu.externaltools.gnu-tools-for-stm32.13.3.rel1.win32_1.0.100.202509120712/tools/bin/../lib/gcc/arm-none-eabi/13.3.1/../../../../arm-none-eabi/lib/thumb/v7e-m+fp/hard\libc_nano.a(libc_a-mlock.o)
                0x0800aea4                __malloc_unlock
 .text.__sfputc_r
                0x0800aeb0       0x2e C:/ST/STM32CubeIDE_1.19.0/STM32CubeIDE/plugins/com.st.stm32cube.ide.mcu.externaltools.gnu-tools-for-stm32.13.3.rel1.win32_1.0.100.202509120712/tools/bin/../lib/gcc/arm-none-eabi/13.3.1/../../../../arm-none-eabi/lib/thumb/v7e-m+fp/hard\libc_nano.a(libc_a-nano-vfprintf.o)
 .text.__sfputs_r
                0x0800aede       0x24 C:/ST/STM32CubeIDE_1.19.0/STM32CubeIDE/plugins/com.st.stm32cube.ide.mcu.externaltools.gnu-tools-for-stm32.13.3.rel1.win32_1.0.100.202509120712/tools/bin/../lib/gcc/arm-none-eabi/13.3.1/../../../../arm-none-eabi/lib/thumb/v7e-m+fp/hard\libc_nano.a(libc_a-nano-vfprintf.o)
                0x0800aede                __sfputs_r
 *fill*         0x0800af02        0x2 
 .text._vfprintf_r
                0x0800af04      0x230 C:/ST/STM32CubeIDE_1.19.0/STM32CubeIDE/plugins/com.st.stm32cube.ide.mcu.externaltools.gnu-tools-for-stm32.13.3.rel1.win32_1.0.100.202509120712/tools/bin/../lib/gcc/arm-none-eabi/13.3.1/../../../../arm-none-eabi/lib/thumb/v7e-m+fp/hard\libc_nano.a(libc_a-nano-vfprintf.o)
                0x0800af04                _vfprintf_r
                0x0800af04                _vfiprintf_r
 .text._printf_common
                0x0800b134       0xda C:/ST/STM32CubeIDE_1.19.0/STM32CubeIDE/plugins/com.st.stm32cube.ide.mcu.externaltools.gnu-tools-for-stm32.13.3.rel1.win32_1.0.100.202509120712/tools/bin/../lib/gcc/arm-none-eabi/13.3.1/../../../../arm-none-eabi/lib/thumb/v7e-m+fp/hard\libc_nano.a(libc_a-nano-vfprintf_i.o)
                0x0800b134                _printf_common
 *fill*         0x0800b20e        0x2 
 .text._printf_i
                0x0800b210      0x23c C:/ST/STM32CubeIDE_1.19.0/STM32CubeIDE/plugins/com.st.stm32cube.ide.mcu.externaltools.gnu-tools-for-stm32.13.3.rel1.win32_1.0.100.202509120712/tools/bin/../lib/gcc/arm-none-eabi/13.3.1/../../../../arm-none-eabi/lib/thumb/v7e-m+fp/hard\libc_nano.a(libc_a-nano-vfprintf_i.o)
                0x0800b210                _printf_i
 .text.__sflush_r
                0x0800b44c      0x108 C:/ST/STM32CubeIDE_1.19.0/STM32CubeIDE/plugins/com.st.stm32cube.ide.mcu.externaltools.gnu-tools-for-stm32.13.3.rel1.win32_1.0.100.202509120712/tools/bin/../lib/gcc/arm-none-eabi/13.3.1/../../../../arm-none-eabi/lib/thumb/v7e-m+fp/hard\libc_nano.a(libc_a-fflush.o)
                0x0800b44c                __sflush_r
 .text._fflush_r
                0x0800b554       0x50 C:/ST/STM32CubeIDE_1.19.0/STM32CubeIDE/plugins/com.st.stm32cube.ide.mcu.externaltools.gnu-tools-for-stm32.13.3.rel1.win32_1.0.100.202509120712/tools/bin/../lib/gcc/arm-none-eabi/13.3.1/../../../../arm-none-eabi/lib/thumb/v7e-m+fp/hard\libc_nano.a(libc_a-fflush.o)
                0x0800b554                _fflush_r
 .text.__swbuf_r
                0x0800b5a4       0x7c C:/ST/STM32CubeIDE_1.19.0/STM32CubeIDE/plugins/com.st.stm32cube.ide.mcu.externaltools.gnu-tools-for-stm32.13.3.rel1.win32_1.0.100.202509120712/tools/bin/../lib/gcc/arm-none-eabi/13.3.1/../../../../arm-none-eabi/lib/thumb/v7e-m+fp/hard\libc_nano.a(libc_a-wbuf.o)
                0x0800b5a4                __swbuf_r
 .text.__swsetup_r
                0x0800b620       0xac C:/ST/STM32CubeIDE_1.19.0/STM32CubeIDE/plugins/com.st.stm32cube.ide.mcu.externaltools.gnu-tools-for-stm32.13.3.rel1.win32_1.0.100.202509120712/tools/bin/../lib/gcc/arm-none-eabi/13.3.1/../../../../arm-none-eabi/lib/thumb/v7e-m+fp/hard\libc_nano.a(libc_a-wsetup.o)
                0x0800b620                __swsetup_r
 .text._sbrk_r  0x0800b6cc       0x20 C:/ST/STM32CubeIDE_1.19.0/STM32CubeIDE/plugins/com.st.stm32cube.ide.mcu.externaltools.gnu-tools-for-stm32.13.3.rel1.win32_1.0.100.202509120712/tools/bin/../lib/gcc/arm-none-eabi/13.3.1/../../../../arm-none-eabi/lib/thumb/v7e-m+fp/hard\libc_nano.a(libc_a-sbrkr.o)
                0x0800b6cc                _sbrk_r
 .text.__swhatbuf_r
                0x0800b6ec       0x4c C:/ST/STM32CubeIDE_1.19.0/STM32CubeIDE/plugins/com.st.stm32cube.ide.mcu.externaltools.gnu-tools-for-stm32.13.3.rel1.win32_1.0.100.202509120712/tools/bin/../lib/gcc/arm-none-eabi/13.3.1/../../../../arm-none-eabi/lib/thumb/v7e-m+fp/hard\libc_nano.a(libc_a-makebuf.o)
                0x0800b6ec                __swhatbuf_r
 .text.__smakebuf_r
                0x0800b738       0x78 C:/ST/STM32CubeIDE_1.19.0/STM32CubeIDE/plugins/com.st.stm32cube.ide.mcu.externaltools.gnu-tools-for-stm32.13.3.rel1.win32_1.0.100.202509120712/tools/bin/../lib/gcc/arm-none-eabi/13.3.1/../../../../arm-none-eabi/lib/thumb/v7e-m+fp/hard\libc_nano.a(libc_a-makebuf.o)
                0x0800b738                __smakebuf_r
 .text._fstat_r
                0x0800b7b0       0x24 C:/ST/STM32CubeIDE_1.19.0/STM32CubeIDE/plugins/com.st.stm32cube.ide.mcu.externaltools.gnu-tools-for-stm32.13.3.rel1.win32_1.0.100.202509120712/tools/bin/../lib/gcc/arm-none-eabi/13.3.1/../../../../arm-none-eabi/lib/thumb/v7e-m+fp/hard\libc_nano.a(libc_a-fstatr.o)
                0x0800b7b0                _fstat_r
 .text._isatty_r
                0x0800b7d4       0x20 C:/ST/STM32CubeIDE_1.19.0/STM32CubeIDE/plugins/com.st.stm32cube.ide.mcu.externaltools.gnu-tools-for-stm32.13.3.rel1.win32_1.0.100.202509120712/tools/bin/../lib/gcc/arm-none-eabi/13.3.1/../../../../arm-none-eabi/lib/thumb/v7e-m+fp/hard\libc_nano.a(libc_a-isattyr.o)
                0x0800b7d4                _isatty_r
 *(.glue_7)
 .glue_7        0x0800b7f4        0x0 linker stubs
 *(.glue_7t)
 .glue_7t       0x0800b7f4        0x0 linker stubs
 *(.eh_frame)
 .eh_frame      0x0800b7f4        0x0 C:/ST/STM32CubeIDE_1.19.0/STM32CubeIDE/plugins/com.st.stm32cube.ide.mcu.externaltools.gnu-tools-for-stm32.13.3.rel1.win32_1.0.100.202509120712/tools/bin/../lib/gcc/arm-none-eabi/13.3.1/thumb/v7e-m+fp/hard/crtbegin.o
 *(.init)
 .init          0x0800b7f4        0x4 C:/ST/STM32CubeIDE_1.19.0/STM32CubeIDE/plugins/com.st.stm32cube.ide.mcu.externaltools.gnu-tools-for-stm32.13.3.rel1.win32_1.0.100.202509120712/tools/bin/../lib/gcc/arm-none-eabi/13.3.1/thumb/v7e-m+fp/hard/crti.o
                0x0800b7f4                _init
 .init          0x0800b7f8        0x8 C:/ST/STM32CubeIDE_1.19.0/STM32CubeIDE/plugins/com.st.stm32cube.ide.mcu.externaltools.gnu-tools-for-stm32.13.3.rel1.win32_1.0.100.202509120712/tools/bin/../lib/gcc/arm-none-eabi/13.3.1/thumb/v7e-m+fp/hard/crtn.o
 *(.fini)
 .fini          0x0800b800        0x4 C:/ST/STM32CubeIDE_1.19.0/STM32CubeIDE/plugins/com.st.stm32cube.ide.mcu.externaltools.gnu-tools-for-stm32.13.3.rel1.win32_1.0.100.202509120712/tools/bin/../lib/gcc/arm-none-eabi/13.3.1/thumb/v7e-m+fp/hard/crti.o
                0x0800b800                _fini
 .fini          0x0800b804        0x8 C:/ST/STM32CubeIDE_1.19.0/STM32CubeIDE/plugins/com.st.stm32cube.ide.mcu.externaltools.gnu-tools-for-stm32.13.3.rel1.win32_1.0.100.202509120712/tools/bin/../lib/gcc/arm-none-eabi/13.3.1/thumb/v7e-m+fp/hard/crtn.o
                0x0800b80c                        . = ALIGN (0x4)
                0x0800b80c                        _etext = .

.vfp11_veneer   0x0800b80c        0x0
 .vfp11_veneer  0x0800b80c        0x0 linker stubs

.v4_bx          0x0800b80c        0x0
 .v4_bx         0x0800b80c        0x0 linker stubs

.iplt           0x0800b80c        0x0
 .iplt          0x0800b80c        0x0 C:/ST/STM32CubeIDE_1.19.0/STM32CubeIDE/plugins/com.st.stm32cube.ide.mcu.externaltools.gnu-tools-for-stm32.13.3.rel1.win32_1.0.100.202509120712/tools/bin/../lib/gcc/arm-none-eabi/13.3.1/thumb/v7e-m+fp/hard/crtbegin.o

.rodata         0x0800b80c       0x6c
                0x0800b80c                        . = ALIGN (0x4)
 *(.rodata)
 .rodata        0x0800b80c       0x1d ./Core/Src/main.o
 *(.rodata*)
 *fill*         0x0800b829        0x3 
 .rodata.AHBPrescTable
                0x0800b82c       0x10 ./Core/Src/system_stm32f4xx.o
                0x0800b82c                AHBPrescTable
 .rodata.APBPrescTable
                0x0800b83c        0x8 ./Core/Src/system_stm32f4xx.o
                0x0800b83c                APBPrescTable
 .rodata._vfprintf_r.str1.1
                0x0800b844       0x33 C:/ST/STM32CubeIDE_1.19.0/STM32CubeIDE/plugins/com.st.stm32cube.ide.mcu.externaltools.gnu-tools-for-stm32.13.3.rel1.win32_1.0.100.202509120712/tools/bin/../lib/gcc/arm-none-eabi/13.3.1/../../../../arm-none-eabi/lib/thumb/v7e-m+fp/hard\libc_nano.a(libc_a-nano-vfprintf.o)
                                 0x11 (size before relaxing)
 .rodata._printf_i.str1.1
                0x0800b877        0x0 C:/ST/STM32CubeIDE_1.19.0/STM32CubeIDE/plugins/com.st.stm32cube.ide.mcu.externaltools.gnu-tools-for-stm32.13.3.rel1.win32_1.0.100.202509120712/tools/bin/../lib/gcc/arm-none-eabi/13.3.1/../../../../arm-none-eabi/lib/thumb/v7e-m+fp/hard\libc_nano.a(libc_a-nano-vfprintf_i.o)
                                 0x22 (size before relaxing)
                0x0800b878                        . = ALIGN (0x4)
 *fill*         0x0800b877        0x1 

.ARM.extab      0x0800b878        0x0
                0x0800b878                        . = ALIGN (0x4)
 *(.ARM.extab* .gnu.linkonce.armextab.*)
                0x0800b878                        . = ALIGN (0x4)

.ARM            0x0800b878        0x8
                0x0800b878                        . = ALIGN (0x4)
                0x0800b878                        __exidx_start = .
 *(.ARM.exidx*)
 .ARM.exidx     0x0800b878        0x8 C:/ST/STM32CubeIDE_1.19.0/STM32CubeIDE/plugins/com.st.stm32cube.ide.mcu.externaltools.gnu-tools-for-stm32.13.3.rel1.win32_1.0.100.202509120712/tools/bin/../lib/gcc/arm-none-eabi/13.3.1/../../../../arm-none-eabi/lib/thumb/v7e-m+fp/hard\libc_nano.a(libc_a-memchr.o)
 .ARM.exidx     0x0800b880        0x0 C:/ST/STM32CubeIDE_1.19.0/STM32CubeIDE/plugins/com.st.stm32cube.ide.mcu.externaltools.gnu-tools-for-stm32.13.3.rel1.win32_1.0.100.202509120712/tools/bin/../lib/gcc/arm-none-eabi/13.3.1/thumb/v7e-m+fp/hard\libgcc.a(_udivmoddi4.o)
                                  0x8 (size before relaxing)
                0x0800b880                        __exidx_end = .
                0x0800b880                        . = ALIGN (0x4)

.preinit_array  0x0800b880        0x0
                0x0800b880                        . = ALIGN (0x4)
                0x0800b880                        PROVIDE (__preinit_array_start = .)
 *(.preinit_array*)
                0x0800b880                        PROVIDE (__preinit_array_end = .)
                0x0800b880                        . = ALIGN (0x4)

.init_array     0x0800b880        0x4
                0x0800b880                        . = ALIGN (0x4)
                0x0800b880                        PROVIDE (__init_array_start = .)
 *(SORT_BY_NAME(.init_array.*))
 *(.init_array*)
 .init_array    0x0800b880        0x4 C:/ST/STM32CubeIDE_1.19.0/STM32CubeIDE/plugins/com.st.stm32cube.ide.mcu.externaltools.gnu-tools-for-stm32.13.3.rel1.win32_1.0.100.202509120712/tools/bin/../lib/gcc/arm-none-eabi/13.3.1/thumb/v7e-m+fp/hard/crtbegin.o
                0x0800b884                        PROVIDE (__init_array_end = .)
                0x0800b884                        . = ALIGN (0x4)

.fini_array     0x0800b884        0x4
                0x0800b884                        . = ALIGN (0x4)
                [!provide]                        PROVIDE (__fini_array_start = .)
 *(SORT_BY_NAME(.fini_array.*))
 *(.fini_array*)
 .fini_array    0x0800b884        0x4 C:/ST/STM32CubeIDE_1.19.0/STM32CubeIDE/plugins/com.st.stm32cube.ide.mcu.externaltools.gnu-tools-for-stm32.13.3.rel1.win32_1.0.100.202509120712/tools/bin/../lib/gcc/arm-none-eabi/13.3.1/thumb/v7e-m+fp/hard/crtbegin.o
                [!provide]                        PROVIDE (__fini_array_end = .)
                0x0800b888                        . = ALIGN (0x4)
                0x0800b888                        _sidata = LOADADDR (.data)

.rel.dyn        0x0800b888        0x0
 .rel.iplt      0x0800b888        0x0 C:/ST/STM32CubeIDE_1.19.0/STM32CubeIDE/plugins/com.st.stm32cube.ide.mcu.externaltools.gnu-tools-for-stm32.13.3.rel1.win32_1.0.100.202509120712/tools/bin/../lib/gcc/arm-none-eabi/13.3.1/thumb/v7e-m+fp/hard/crtbegin.o

.data           0x20000000       0x68 load address 0x0800b888
                0x20000000                        . = ALIGN (0x4)
                0x20000000                        _sdata = .
 *(.data)
 *(.data*)
 .data.SystemCoreClock
                0x20000000        0x4 ./Core/Src/system_stm32f4xx.o
                0x20000000                SystemCoreClock
 .data.uwTickPrio
                0x20000004        0x4 ./Drivers/STM32F4xx_HAL_Driver/Src/stm32f4xx_hal.o
                0x20000004                uwTickPrio
 .data.uwTickFreq
                0x20000008        0x1 ./Drivers/STM32F4xx_HAL_Driver/Src/stm32f4xx_hal.o
                0x20000008                uwTickFreq
 *fill*         0x20000009        0x3 
 .data.__sglue  0x2000000c        0xc C:/ST/STM32CubeIDE_1.19.0/STM32CubeIDE/plugins/com.st.stm32cube.ide.mcu.externaltools.gnu-tools-for-stm32.13.3.rel1.win32_1.0.100.202509120712/tools/bin/../lib/gcc/arm-none-eabi/13.3.1/../../../../arm-none-eabi/lib/thumb/v7e-m+fp/hard\libc_nano.a(libc_a-findfp.o)
                0x2000000c                __sglue
 .data._impure_ptr
                0x20000018        0x4 C:/ST/STM32CubeIDE_1.19.0/STM32CubeIDE/plugins/com.st.stm32cube.ide.mcu.externaltools.gnu-tools-for-stm32.13.3.rel1.win32_1.0.100.202509120712/tools/bin/../lib/gcc/arm-none-eabi/13.3.1/../../../../arm-none-eabi/lib/thumb/v7e-m+fp/hard\libc_nano.a(libc_a-impure.o)
                0x20000018                _impure_ptr
 .data._impure_data
                0x2000001c       0x4c C:/ST/STM32CubeIDE_1.19.0/STM32CubeIDE/plugins/com.st.stm32cube.ide.mcu.externaltools.gnu-tools-for-stm32.13.3.rel1.win32_1.0.100.202509120712/tools/bin/../lib/gcc/arm-none-eabi/13.3.1/../../../../arm-none-eabi/lib/thumb/v7e-m+fp/hard\libc_nano.a(libc_a-impure.o)
                0x2000001c                _impure_data
 *(.RamFunc)
 *(.RamFunc*)
                0x20000068                        . = ALIGN (0x4)
                0x20000068                        _edata = .

.igot.plt       0x20000068        0x0 load address 0x0800b8f0
 .igot.plt      0x20000068        0x0 C:/ST/STM32CubeIDE_1.19.0/STM32CubeIDE/plugins/com.st.stm32cube.ide.mcu.externaltools.gnu-tools-for-stm32.13.3.rel1.win32_1.0.100.202509120712/tools/bin/../lib/gcc/arm-none-eabi/13.3.1/thumb/v7e-m+fp/hard/crtbegin.o
                0x20000068                        . = ALIGN (0x4)

.bss            0x20000068      0x1b8 load address 0x0800b8f0
                0x20000068                        _sbss = .
                0x20000068                        __bss_start__ = _sbss
 *(.bss)
 .bss           0x20000068       0x1c C:/ST/STM32CubeIDE_1.19.0/STM32CubeIDE/plugins/com.st.stm32cube.ide.mcu.externaltools.gnu-tools-for-stm32.13.3.rel1.win32_1.0.100.202509120712/tools/bin/../lib/gcc/arm-none-eabi/13.3.1/thumb/v7e-m+fp/hard/crtbegin.o
 *(.bss*)
 .bss.huart2    0x20000084       0x48 ./Core/Src/main.o
                0x20000084                huart2
 .bss.__sbrk_heap_end
                0x200000cc        0x4 ./Core/Src/sysmem.o
 .bss.uwTick    0x200000d0        0x4 ./Drivers/STM32F4xx_HAL_Driver/Src/stm32f4xx_hal.o
                0x200000d0                uwTick
 .bss.__sf      0x200000d4      0x138 C:/ST/STM32CubeIDE_1.19.0/STM32CubeIDE/plugins/com.st.stm32cube.ide.mcu.externaltools.gnu-tools-for-stm32.13.3.rel1.win32_1.0.100.202509120712/tools/bin/../lib/gcc/arm-none-eabi/13.3.1/../../../../arm-none-eabi/lib/thumb/v7e-m+fp/hard\libc_nano.a(libc_a-findfp.o)
                0x200000d4                __sf
 .bss.__stdio_exit_handler
                0x2000020c        0x4 C:/ST/STM32CubeIDE_1.19.0/STM32CubeIDE/plugins/com.st.stm32cube.ide.mcu.externaltools.gnu-tools-for-stm32.13.3.rel1.win32_1.0.100.202509120712/tools/bin/../lib/gcc/arm-none-eabi/13.3.1/../../../../arm-none-eabi/lib/thumb/v7e-m+fp/hard\libc_nano.a(libc_a-findfp.o)
                0x2000020c                __stdio_exit_handler
 .bss.errno     0x20000210        0x4 C:/ST/STM32CubeIDE_1.19.0/STM32CubeIDE/plugins/com.st.stm32cube.ide.mcu.externaltools.gnu-tools-for-stm32.13.3.rel1.win32_1.0.100.202509120712/tools/bin/../lib/gcc/arm-none-eabi/13.3.1/../../../../arm-none-eabi/lib/thumb/v7e-m+fp/hard\libc_nano.a(libc_a-reent.o)
                0x20000210                errno
 .bss.__lock___malloc_recursive_mutex
                0x20000214        0x1 C:/ST/STM32CubeIDE_1.19.0/STM32CubeIDE/plugins/com.st.stm32cube.ide.mcu.externaltools.gnu-tools-for-stm32.13.3.rel1.win32_1.0.100.202509120712/tools/bin/../lib/gcc/arm-none-eabi/13.3.1/../../../../arm-none-eabi/lib/thumb/v7e-m+fp/hard\libc_nano.a(libc_a-lock.o)
                0x20000214                __lock___malloc_recursive_mutex
 .bss.__lock___sfp_recursive_mutex
                0x20000215        0x1 C:/ST/STM32CubeIDE_1.19.0/STM32CubeIDE/plugins/com.st.stm32cube.ide.mcu.externaltools.gnu-tools-for-stm32.13.3.rel1.win32_1.0.100.202509120712/tools/bin/../lib/gcc/arm-none-eabi/13.3.1/../../../../arm-none-eabi/lib/thumb/v7e-m+fp/hard\libc_nano.a(libc_a-lock.o)
                0x20000215                __lock___sfp_recursive_mutex
 *fill*         0x20000216        0x2 
 .bss.__malloc_sbrk_start
                0x20000218        0x4 C:/ST/STM32CubeIDE_1.19.0/STM32CubeIDE/plugins/com.st.stm32cube.ide.mcu.externaltools.gnu-tools-for-stm32.13.3.rel1.win32_1.0.100.202509120712/tools/bin/../lib/gcc/arm-none-eabi/13.3.1/../../../../arm-none-eabi/lib/thumb/v7e-m+fp/hard\libc_nano.a(libc_a-mallocr.o)
                0x20000218                __malloc_sbrk_start
 .bss.__malloc_free_list
                0x2000021c        0x4 C:/ST/STM32CubeIDE_1.19.0/STM32CubeIDE/plugins/com.st.stm32cube.ide.mcu.externaltools.gnu-tools-for-stm32.13.3.rel1.win32_1.0.100.202509120712/tools/bin/../lib/gcc/arm-none-eabi/13.3.1/../../../../arm-none-eabi/lib/thumb/v7e-m+fp/hard\libc_nano.a(libc_a-mallocr.o)
                0x2000021c                __malloc_free_list
 *(COMMON)
                0x20000220                        . = ALIGN (0x4)
                0x20000220                        _ebss = .
                0x20000220                        __bss_end__ = _ebss

._user_heap_stack
                0x20000220      0x600 load address 0x0800b8f0
                0x20000220                        . = ALIGN (0x8)
                [!provide]                        PROVIDE (end = .)
                0x20000220                        PROVIDE (_end = .)
                0x20000420                        . = (. + _Min_Heap_Size)
 *fill*         0x20000220      0x200 
                0x20000820                        . = (. + _Min_Stack_Size)
 *fill*         0x20000420      0x400 
                0x20000820                        . = ALIGN (0x8)

/DISCARD/
 libc.a(*)
 libm.a(*)
 libgcc.a(*)

.ARM.attributes
                0x00000000       0x30
 *(.ARM.attributes)
 .ARM.attributes
                0x00000000       0x22 C:/ST/STM32CubeIDE_1.19.0/STM32CubeIDE/plugins/com.st.stm32cube.ide.mcu.externaltools.gnu-tools-for-stm32.13.3.rel1.win32_1.0.100.202509120712/tools/bin/../lib/gcc/arm-none-eabi/13.3.1/thumb/v7e-m+fp/hard/crti.o
 .ARM.attributes
                0x00000022       0x34 C:/ST/STM32CubeIDE_1.19.0/STM32CubeIDE/plugins/com.st.stm32cube.ide.mcu.externaltools.gnu-tools-for-stm32.13.3.rel1.win32_1.0.100.202509120712/tools/bin/../lib/gcc/arm-none-eabi/13.3.1/thumb/v7e-m+fp/hard/crtbegin.o
 .ARM.attributes
                0x00000056       0x34 ./Core/Src/main.o
 .ARM.attributes
                0x0000008a       0x34 ./Core/Src/stm32f4xx_hal_msp.o
 .ARM.attributes
                0x000000be       0x34 ./Core/Src/stm32f4xx_it.o
 .ARM.attributes
                0x000000f2       0x34 ./Core/Src/syscalls.o
 .ARM.attributes
                0x00000126       0x34 ./Core/Src/sysmem.o
 .ARM.attributes
                0x0000015a       0x34 ./Core/Src/system_stm32f4xx.o
 .ARM.attributes
                0x0000018e       0x21 ./Core/Startup/startup_stm32f401retx.o
 .ARM.attributes
                0x000001af       0x34 ./Drivers/STM32F4xx_HAL_Driver/Src/stm32f4xx_hal.o
 .ARM.attributes
                0x000001e3       0x34 ./Drivers/STM32F4xx_HAL_Driver/Src/stm32f4xx_hal_cortex.o
 .ARM.attributes
                0x00000217       0x34 ./Drivers/STM32F4xx_HAL_Driver/Src/stm32f4xx_hal_dma.o
 .ARM.attributes
                0x0000024b       0x34 ./Drivers/STM32F4xx_HAL_Driver/Src/stm32f4xx_hal_gpio.o
 .ARM.attributes
                0x0000027f       0x34 ./Drivers/STM32F4xx_HAL_Driver/Src/stm32f4xx_hal_rcc.o
 .ARM.attributes
                0x000002b3       0x34 ./Drivers/STM32F4xx_HAL_Driver/Src/stm32f4xx_hal_uart.o
 .ARM.attributes
                0x000002e7       0x34 C:/ST/STM32CubeIDE_1.19.0/STM32CubeIDE/plugins/com.st.stm32cube.ide.mcu.externaltools.gnu-tools-for-stm32.13.3.rel1.win32_1.0.100.202509120712/tools/bin/../lib/gcc/arm-none-eabi/13.3.1/../../../../arm-none-eabi/lib/thumb/v7e-m+fp/hard\libc_nano.a(libc_a-findfp.o)
 .ARM.attributes
                0x0000031b       0x34 C:/ST/STM32CubeIDE_1.19.0/STM32CubeIDE/plugins/com.st.stm32cube.ide.mcu.externaltools.gnu-tools-for-stm32.13.3.rel1.win32_1.0.100.202509120712/tools/bin/../lib/gcc/arm-none-eabi/13.3.1/../../../../arm-none-eabi/lib/thumb/v7e-m+fp/hard\libc_nano.a(libc_a-fwalk.o)
 .ARM.attributes
                0x0000034f       0x34 C:/ST/STM32CubeIDE_1.19.0/STM32CubeIDE/plugins/com.st.stm32cube.ide.mcu.externaltools.gnu-tools-for-stm32.13.3.rel1.win32_1.0.100.202509120712/tools/bin/../lib/gcc/arm-none-eabi/13.3.1/../../../../arm-none-eabi/lib/thumb/v7e-m+fp/hard\libc_nano.a(libc_a-printf.o)
 .ARM.attributes
                0x00000383       0x34 C:/ST/STM32CubeIDE_1.19.0/STM32CubeIDE/plugins/com.st.stm32cube.ide.mcu.externaltools.gnu-tools-for-stm32.13.3.rel1.win32_1.0.100.202509120712/tools/bin/../lib/gcc/arm-none-eabi/13.3.1/../../../../arm-none-eabi/lib/thumb/v7e-m+fp/hard\libc_nano.a(libc_a-stdio.o)
 .ARM.attributes
                0x000003b7       0x34 C:/ST/STM32CubeIDE_1.19.0/STM32CubeIDE/plugins/com.st.stm32cube.ide.mcu.externaltools.gnu-tools-for-stm32.13.3.rel1.win32_1.0.100.202509120712/tools/bin/../lib/gcc/arm-none-eabi/13.3.1/../../../../arm-none-eabi/lib/thumb/v7e-m+fp/hard\libc_nano.a(libc_a-memset.o)
 .ARM.attributes
                0x000003eb       0x34 C:/ST/STM32CubeIDE_1.19.0/STM32CubeIDE/plugins/com.st.stm32cube.ide.mcu.externaltools.gnu-tools-for-stm32.13.3.rel1.win32_1.0.100.202509120712/tools/bin/../lib/gcc/arm-none-eabi/13.3.1/../../../../arm-none-eabi/lib/thumb/v7e-m+fp/hard\libc_nano.a(libc_a-closer.o)
 .ARM.attributes
                0x0000041f       0x34 C:/ST/STM32CubeIDE_1.19.0/STM32CubeIDE/plugins/com.st.stm32cube.ide.mcu.externaltools.gnu-tools-for-stm32.13.3.rel1.win32_1.0.100.202509120712/tools/bin/../lib/gcc/arm-none-eabi/13.3.1/../../../../arm-none-eabi/lib/thumb/v7e-m+fp/hard\libc_nano.a(libc_a-reent.o)
 .ARM.attributes
                0x00000453       0x34 C:/ST/STM32CubeIDE_1.19.0/STM32CubeIDE/plugins/com.st.stm32cube.ide.mcu.externaltools.gnu-tools-for-stm32.13.3.rel1.win32_1.0.100.202509120712/tools/bin/../lib/gcc/arm-none-eabi/13.3.1/../../../../arm-none-eabi/lib/thumb/v7e-m+fp/hard\libc_nano.a(libc_a-impure.o)
 .ARM.attributes
                0x00000487       0x34 C:/ST/STM32CubeIDE_1.19.0/STM32CubeIDE/plugins/com.st.stm32cube.ide.mcu.externaltools.gnu-tools-for-stm32.13.3.rel1.win32_1.0.100.202509120712/tools/bin/../lib/gcc/arm-none-eabi/13.3.1/../../../../arm-none-eabi/lib/thumb/v7e-m+fp/hard\libc_nano.a(libc_a-lseekr.o)
 .ARM.attributes
                0x000004bb       0x34 C:/ST/STM32CubeIDE_1.19.0/STM32CubeIDE/plugins/com.st.stm32cube.ide.mcu.externaltools.gnu-tools-for-stm32.13.3.rel1.win32_1.0.100.202509120712/tools/bin/../lib/gcc/arm-none-eabi/13.3.1/../../../../arm-none-eabi/lib/thumb/v7e-m+fp/hard\libc_nano.a(libc_a-readr.o)
 .ARM.attributes
                0x000004ef       0x34 C:/ST/STM32CubeIDE_1.19.0/STM32CubeIDE/plugins/com.st.stm32cube.ide.mcu.externaltools.gnu-tools-for-stm32.13.3.rel1.win32_1.0.100.202509120712/tools/bin/../lib/gcc/arm-none-eabi/13.3.1/../../../../arm-none-eabi/lib/thumb/v7e-m+fp/hard\libc_nano.a(libc_a-writer.o)
 .ARM.attributes
                0x00000523       0x34 C:/ST/STM32CubeIDE_1.19.0/STM32CubeIDE/plugins/com.st.stm32cube.ide.mcu.externaltools.gnu-tools-for-stm32.13.3.rel1.win32_1.0.100.202509120712/tools/bin/../lib/gcc/arm-none-eabi/13.3.1/../../../../arm-none-eabi/lib/thumb/v7e-m+fp/hard\libc_nano.a(libc_a-errno.o)
 .ARM.attributes
                0x00000557       0x34 C:/ST/STM32CubeIDE_1.19.0/STM32CubeIDE/plugins/com.st.stm32cube.ide.mcu.externaltools.gnu-tools-for-stm32.13.3.rel1.win32_1.0.100.202509120712/tools/bin/../lib/gcc/arm-none-eabi/13.3.1/../../../../arm-none-eabi/lib/thumb/v7e-m+fp/hard\libc_nano.a(libc_a-init.o)
 .ARM.attributes
                0x0000058b       0x34 C:/ST/STM32CubeIDE_1.19.0/STM32CubeIDE/plugins/com.st.stm32cube.ide.mcu.externaltools.gnu-tools-for-stm32.13.3.rel1.win32_1.0.100.202509120712/tools/bin/../lib/gcc/arm-none-eabi/13.3.1/../../../../arm-none-eabi/lib/thumb/v7e-m+fp/hard\libc_nano.a(libc_a-lock.o)
 .ARM.attributes
                0x000005bf       0x34 C:/ST/STM32CubeIDE_1.19.0/STM32CubeIDE/plugins/com.st.stm32cube.ide.mcu.externaltools.gnu-tools-for-stm32.13.3.rel1.win32_1.0.100.202509120712/tools/bin/../lib/gcc/arm-none-eabi/13.3.1/../../../../arm-none-eabi/lib/thumb/v7e-m+fp/hard\libc_nano.a(libc_a-freer.o)
 .ARM.attributes
                0x000005f3       0x34 C:/ST/STM32CubeIDE_1.19.0/STM32CubeIDE/plugins/com.st.stm32cube.ide.mcu.externaltools.gnu-tools-for-stm32.13.3.rel1.win32_1.0.100.202509120712/tools/bin/../lib/gcc/arm-none-eabi/13.3.1/../../../../arm-none-eabi/lib/thumb/v7e-m+fp/hard\libc_nano.a(libc_a-mallocr.o)
 .ARM.attributes
                0x00000627       0x34 C:/ST/STM32CubeIDE_1.19.0/STM32CubeIDE/plugins/com.st.stm32cube.ide.mcu.externaltools.gnu-tools-for-stm32.13.3.rel1.win32_1.0.100.202509120712/tools/bin/../lib/gcc/arm-none-eabi/13.3.1/../../../../arm-none-eabi/lib/thumb/v7e-m+fp/hard\libc_nano.a(libc_a-mlock.o)
 .ARM.attributes
                0x0000065b       0x34 C:/ST/STM32CubeIDE_1.19.0/STM32CubeIDE/plugins/com.st.stm32cube.ide.mcu.externaltools.gnu-tools-for-stm32.13.3.rel1.win32_1.0.100.202509120712/tools/bin/../lib/gcc/arm-none-eabi/13.3.1/../../../../arm-none-eabi/lib/thumb/v7e-m+fp/hard\libc_nano.a(libc_a-nano-vfprintf.o)
 .ARM.attributes
                0x0000068f       0x34 C:/ST/STM32CubeIDE_1.19.0/STM32CubeIDE/plugins/com.st.stm32cube.ide.mcu.externaltools.gnu-tools-for-stm32.13.3.rel1.win32_1.0.100.202509120712/tools/bin/../lib/gcc/arm-none-eabi/13.3.1/../../../../arm-none-eabi/lib/thumb/v7e-m+fp/hard\libc_nano.a(libc_a-nano-vfprintf_i.o)
 .ARM.attributes
                0x000006c3       0x34 C:/ST/STM32CubeIDE_1.19.0/STM32CubeIDE/plugins/com.st.stm32cube.ide.mcu.externaltools.gnu-tools-for-stm32.13.3.rel1.win32_1.0.100.202509120712/tools/bin/../lib/gcc/arm-none-eabi/13.3.1/../../../../arm-none-eabi/lib/thumb/v7e-m+fp/hard\libc_nano.a(libc_a-fflush.o)
 .ARM.attributes
                0x000006f7       0x34 C:/ST/STM32CubeIDE_1.19.0/STM32CubeIDE/plugins/com.st.stm32cube.ide.mcu.externaltools.gnu-tools-for-stm32.13.3.rel1.win32_1.0.100.202509120712/tools/bin/../lib/gcc/arm-none-eabi/13.3.1/../../../../arm-none-eabi/lib/thumb/v7e-m+fp/hard\libc_nano.a(libc_a-wbuf.o)
 .ARM.attributes
                0x0000072b       0x34 C:/ST/STM32CubeIDE_1.19.0/STM32CubeIDE/plugins/com.st.stm32cube.ide.mcu.externaltools.gnu-tools-for-stm32.13.3.rel1.win32_1.0.100.202509120712/tools/bin/../lib/gcc/arm-none-eabi/13.3.1/../../../../arm-none-eabi/lib/thumb/v7e-m+fp/hard\libc_nano.a(libc_a-wsetup.o)
 .ARM.attributes
                0x0000075f       0x34 C:/ST/STM32CubeIDE_1.19.0/STM32CubeIDE/plugins/com.st.stm32cube.ide.mcu.externaltools.gnu-tools-for-stm32.13.3.rel1.win32_1.0.100.202509120712/tools/bin/../lib/gcc/arm-none-eabi/13.3.1/../../../../arm-none-eabi/lib/thumb/v7e-m+fp/hard\libc_nano.a(libc_a-sbrkr.o)
 .ARM.attributes
                0x00000793       0x1c C:/ST/STM32CubeIDE_1.19.0/STM32CubeIDE/plugins/com.st.stm32cube.ide.mcu.externaltools.gnu-tools-for-stm32.13.3.rel1.win32_1.0.100.202509120712/tools/bin/../lib/gcc/arm-none-eabi/13.3.1/../../../../arm-none-eabi/lib/thumb/v7e-m+fp/hard\libc_nano.a(libc_a-memchr.o)
 .ARM.attributes
                0x000007af       0x34 C:/ST/STM32CubeIDE_1.19.0/STM32CubeIDE/plugins/com.st.stm32cube.ide.mcu.externaltools.gnu-tools-for-stm32.13.3.rel1.win32_1.0.100.202509120712/tools/bin/../lib/gcc/arm-none-eabi/13.3.1/../../../../arm-none-eabi/lib/thumb/v7e-m+fp/hard\libc_nano.a(libc_a-makebuf.o)
 .ARM.attributes
                0x000007e3       0x34 C:/ST/STM32CubeIDE_1.19.0/STM32CubeIDE/plugins/com.st.stm32cube.ide.mcu.externaltools.gnu-tools-for-stm32.13.3.rel1.win32_1.0.100.202509120712/tools/bin/../lib/gcc/arm-none-eabi/13.3.1/../../../../arm-none-eabi/lib/thumb/v7e-m+fp/hard\libc_nano.a(libc_a-fstatr.o)
 .ARM.attributes
                0x00000817       0x34 C:/ST/STM32CubeIDE_1.19.0/STM32CubeIDE/plugins/com.st.stm32cube.ide.mcu.externaltools.gnu-tools-for-stm32.13.3.rel1.win32_1.0.100.202509120712/tools/bin/../lib/gcc/arm-none-eabi/13.3.1/../../../../arm-none-eabi/lib/thumb/v7e-m+fp/hard\libc_nano.a(libc_a-isattyr.o)
 .ARM.attributes
                0x0000084b       0x22 C:/ST/STM32CubeIDE_1.19.0/STM32CubeIDE/plugins/com.st.stm32cube.ide.mcu.externaltools.gnu-tools-for-stm32.13.3.rel1.win32_1.0.100.202509120712/tools/bin/../lib/gcc/arm-none-eabi/13.3.1/thumb/v7e-m+fp/hard\libgcc.a(_aeabi_uldivmod.o)
 .ARM.attributes
                0x0000086d       0x34 C:/ST/STM32CubeIDE_1.19.0/STM32CubeIDE/plugins/com.st.stm32cube.ide.mcu.externaltools.gnu-tools-for-stm32.13.3.rel1.win32_1.0.100.202509120712/tools/bin/../lib/gcc/arm-none-eabi/13.3.1/thumb/v7e-m+fp/hard\libgcc.a(_udivmoddi4.o)
 .ARM.attributes
                0x000008a1       0x22 C:/ST/STM32CubeIDE_1.19.0/STM32CubeIDE/plugins/com.st.stm32cube.ide.mcu.externaltools.gnu-tools-for-stm32.13.3.rel1.win32_1.0.100.202509120712/tools/bin/../lib/gcc/arm-none-eabi/13.3.1/thumb/v7e-m+fp/hard\libgcc.a(_dvmd_tls.o)
 .ARM.attributes
                0x000008c3       0x22 C:/ST/STM32CubeIDE_1.19.0/STM32CubeIDE/plugins/com.st.stm32cube.ide.mcu.externaltools.gnu-tools-for-stm32.13.3.rel1.win32_1.0.100.202509120712/tools/bin/../lib/gcc/arm-none-eabi/13.3.1/thumb/v7e-m+fp/hard/crtn.o
OUTPUT(APP1_test.elf elf32-littlearm)
LOAD linker stubs
LOAD C:/ST/STM32CubeIDE_1.19.0/STM32CubeIDE/plugins/com.st.stm32cube.ide.mcu.externaltools.gnu-tools-for-stm32.13.3.rel1.win32_1.0.100.202509120712/tools/bin/../lib/gcc/arm-none-eabi/13.3.1/../../../../arm-none-eabi/lib/thumb/v7e-m+fp/hard\libc.a
LOAD C:/ST/STM32CubeIDE_1.19.0/STM32CubeIDE/plugins/com.st.stm32cube.ide.mcu.externaltools.gnu-tools-for-stm32.13.3.rel1.win32_1.0.100.202509120712/tools/bin/../lib/gcc/arm-none-eabi/13.3.1/../../../../arm-none-eabi/lib/thumb/v7e-m+fp/hard\libm.a
LOAD C:/ST/STM32CubeIDE_1.19.0/STM32CubeIDE/plugins/com.st.stm32cube.ide.mcu.externaltools.gnu-tools-for-stm32.13.3.rel1.win32_1.0.100.202509120712/tools/bin/../lib/gcc/arm-none-eabi/13.3.1/thumb/v7e-m+fp/hard\libgcc.a

.debug_info     0x00000000     0x8882
 .debug_info    0x00000000      0xbeb ./Core/Src/main.o
 .debug_info    0x00000beb      0xaf3 ./Core/Src/stm32f4xx_hal_msp.o
 .debug_info    0x000016de      0x640 ./Core/Src/stm32f4xx_it.o
 .debug_info    0x00001d1e      0x6a3 ./Core/Src/syscalls.o
 .debug_info    0x000023c1      0x168 ./Core/Src/sysmem.o
 .debug_info    0x00002529      0x53e ./Core/Src/system_stm32f4xx.o
 .debug_info    0x00002a67       0x30 ./Core/Startup/startup_stm32f401retx.o
 .debug_info    0x00002a97      0x8bb ./Drivers/STM32F4xx_HAL_Driver/Src/stm32f4xx_hal.o
 .debug_info    0x00003352      0xcf6 ./Drivers/STM32F4xx_HAL_Driver/Src/stm32f4xx_hal_cortex.o
 .debug_info    0x00004048      0x8e6 ./Drivers/STM32F4xx_HAL_Driver/Src/stm32f4xx_hal_dma.o
 .debug_info    0x0000492e      0x6f9 ./Drivers/STM32F4xx_HAL_Driver/Src/stm32f4xx_hal_gpio.o
 .debug_info    0x00005027      0x905 ./Drivers/STM32F4xx_HAL_Driver/Src/stm32f4xx_hal_rcc.o
 .debug_info    0x0000592c     0x2f56 ./Drivers/STM32F4xx_HAL_Driver/Src/stm32f4xx_hal_uart.o

.debug_abbrev   0x00000000     0x188c
 .debug_abbrev  0x00000000      0x262 ./Core/Src/main.o
 .debug_abbrev  0x00000262      0x1cb ./Core/Src/stm32f4xx_hal_msp.o
 .debug_abbrev  0x0000042d      0x182 ./Core/Src/stm32f4xx_it.o
 .debug_abbrev  0x000005af      0x1b6 ./Core/Src/syscalls.o
 .debug_abbrev  0x00000765       0xbc ./Core/Src/sysmem.o
 .debug_abbrev  0x00000821      0x11a ./Core/Src/system_stm32f4xx.o
 .debug_abbrev  0x0000093b       0x24 ./Core/Startup/startup_stm32f401retx.o
 .debug_abbrev  0x0000095f      0x24b ./Drivers/STM32F4xx_HAL_Driver/Src/stm32f4xx_hal.o
 .debug_abbrev  0x00000baa      0x31d ./Drivers/STM32F4xx_HAL_Driver/Src/stm32f4xx_hal_cortex.o
 .debug_abbrev  0x00000ec7      0x221 ./Drivers/STM32F4xx_HAL_Driver/Src/stm32f4xx_hal_dma.o
 .debug_abbrev  0x000010e8      0x1d3 ./Drivers/STM32F4xx_HAL_Driver/Src/stm32f4xx_hal_gpio.o
 .debug_abbrev  0x000012bb      0x2b6 ./Drivers/STM32F4xx_HAL_Driver/Src/stm32f4xx_hal_rcc.o
 .debug_abbrev  0x00001571      0x31b ./Drivers/STM32F4xx_HAL_Driver/Src/stm32f4xx_hal_uart.o

.debug_aranges  0x00000000      0x788
 .debug_aranges
                0x00000000       0x40 ./Core/Src/main.o
 .debug_aranges
                0x00000040       0x30 ./Core/Src/stm32f4xx_hal_msp.o
 .debug_aranges
                0x00000070       0x68 ./Core/Src/stm32f4xx_it.o
 .debug_aranges
                0x000000d8       0xa8 ./Core/Src/syscalls.o
 .debug_aranges
                0x00000180       0x20 ./Core/Src/sysmem.o
 .debug_aranges
                0x000001a0       0x28 ./Core/Src/system_stm32f4xx.o
 .debug_aranges
                0x000001c8       0x28 ./Core/Startup/startup_stm32f401retx.o
 .debug_aranges
                0x000001f0       0xf0 ./Drivers/STM32F4xx_HAL_Driver/Src/stm32f4xx_hal.o
 .debug_aranges
                0x000002e0      0x130 ./Drivers/STM32F4xx_HAL_Driver/Src/stm32f4xx_hal_cortex.o
 .debug_aranges
                0x00000410       0x90 ./Drivers/STM32F4xx_HAL_Driver/Src/stm32f4xx_hal_dma.o
 .debug_aranges
                0x000004a0       0x58 ./Drivers/STM32F4xx_HAL_Driver/Src/stm32f4xx_hal_gpio.o
 .debug_aranges
                0x000004f8       0x88 ./Drivers/STM32F4xx_HAL_Driver/Src/stm32f4xx_hal_rcc.o
 .debug_aranges
                0x00000580      0x208 ./Drivers/STM32F4xx_HAL_Driver/Src/stm32f4xx_hal_uart.o

.debug_rnglists
                0x00000000      0x5b4
 .debug_rnglists
                0x00000000       0x2c ./Core/Src/main.o
 .debug_rnglists
                0x0000002c       0x20 ./Core/Src/stm32f4xx_hal_msp.o
 .debug_rnglists
                0x0000004c       0x49 ./Core/Src/stm32f4xx_it.o
 .debug_rnglists
                0x00000095       0x79 ./Core/Src/syscalls.o
 .debug_rnglists
                0x0000010e       0x13 ./Core/Src/sysmem.o
 .debug_rnglists
                0x00000121       0x1a ./Core/Src/system_stm32f4xx.o
 .debug_rnglists
                0x0000013b       0x19 ./Core/Startup/startup_stm32f401retx.o
 .debug_rnglists
                0x00000154       0xaf ./Drivers/STM32F4xx_HAL_Driver/Src/stm32f4xx_hal.o
 .debug_rnglists
                0x00000203       0xe0 ./Drivers/STM32F4xx_HAL_Driver/Src/stm32f4xx_hal_cortex.o
 .debug_rnglists
                0x000002e3       0x70 ./Drivers/STM32F4xx_HAL_Driver/Src/stm32f4xx_hal_dma.o
 .debug_rnglists
                0x00000353       0x3f ./Drivers/STM32F4xx_HAL_Driver/Src/stm32f4xx_hal_gpio.o
 .debug_rnglists
                0x00000392       0x66 ./Drivers/STM32F4xx_HAL_Driver/Src/stm32f4xx_hal_rcc.o
 .debug_rnglists
                0x000003f8      0x1bc ./Drivers/STM32F4xx_HAL_Driver/Src/stm32f4xx_hal_uart.o

.debug_macro    0x00000000    0x16362
 .debug_macro   0x00000000      0x2b1 ./Core/Src/main.o
 .debug_macro   0x000002b1      0xad8 ./Core/Src/main.o
 .debug_macro   0x00000d89      0x295 ./Core/Src/main.o
 .debug_macro   0x0000101e       0x2e ./Core/Src/main.o
 .debug_macro   0x0000104c       0x28 ./Core/Src/main.o
 .debug_macro   0x00001074       0x22 ./Core/Src/main.o
 .debug_macro   0x00001096       0x8e ./Core/Src/main.o
 .debug_macro   0x00001124       0x51 ./Core/Src/main.o
 .debug_macro   0x00001175      0x103 ./Core/Src/main.o
 .debug_macro   0x00001278       0x6a ./Core/Src/main.o
 .debug_macro   0x000012e2      0x1df ./Core/Src/main.o
 .debug_macro   0x000014c1       0x1c ./Core/Src/main.o
 .debug_macro   0x000014dd       0x22 ./Core/Src/main.o
 .debug_macro   0x000014ff       0xfb ./Core/Src/main.o
 .debug_macro   0x000015fa     0x1011 ./Core/Src/main.o
 .debug_macro   0x0000260b      0x11f ./Core/Src/main.o
 .debug_macro   0x0000272a     0xb881 ./Core/Src/main.o
 .debug_macro   0x0000dfab       0x6d ./Core/Src/main.o
 .debug_macro   0x0000e018     0x3693 ./Core/Src/main.o
 .debug_macro   0x000116ab      0x190 ./Core/Src/main.o
 .debug_macro   0x0001183b       0x5c ./Core/Src/main.o
 .debug_macro   0x00011897      0x416 ./Core/Src/main.o
 .debug_macro   0x00011cad      0x9e9 ./Core/Src/main.o
 .debug_macro   0x00012696      0x115 ./Core/Src/main.o
 .debug_macro   0x000127ab       0xf8 ./Core/Src/main.o
 .debug_macro   0x000128a3       0xa5 ./Core/Src/main.o
 .debug_macro   0x00012948      0x15f ./Core/Src/main.o
 .debug_macro   0x00012aa7      0x287 ./Core/Src/main.o
 .debug_macro   0x00012d2e       0x5f ./Core/Src/main.o
 .debug_macro   0x00012d8d      0x236 ./Core/Src/main.o
 .debug_macro   0x00012fc3      0x132 ./Core/Src/main.o
 .debug_macro   0x000130f5      0x264 ./Core/Src/main.o
 .debug_macro   0x00013359       0x2e ./Core/Src/main.o
 .debug_macro   0x00013387      0x127 ./Core/Src/main.o
 .debug_macro   0x000134ae       0x85 ./Core/Src/main.o
 .debug_macro   0x00013533       0x89 ./Core/Src/main.o
 .debug_macro   0x000135bc      0x2aa ./Core/Src/main.o
 .debug_macro   0x00013866      0x126 ./Core/Src/main.o
 .debug_macro   0x0001398c       0x61 ./Core/Src/main.o
 .debug_macro   0x000139ed       0x2a ./Core/Src/main.o
 .debug_macro   0x00013a17       0x43 ./Core/Src/main.o
 .debug_macro   0x00013a5a       0x34 ./Core/Src/main.o
 .debug_macro   0x00013a8e       0x16 ./Core/Src/main.o
 .debug_macro   0x00013aa4       0x3c ./Core/Src/main.o
 .debug_macro   0x00013ae0      0x370 ./Core/Src/main.o
 .debug_macro   0x00013e50       0x10 ./Core/Src/main.o
 .debug_macro   0x00013e60       0x16 ./Core/Src/main.o
 .debug_macro   0x00013e76       0x4a ./Core/Src/main.o
 .debug_macro   0x00013ec0       0x34 ./Core/Src/main.o
 .debug_macro   0x00013ef4       0x10 ./Core/Src/main.o
 .debug_macro   0x00013f04       0x58 ./Core/Src/main.o
 .debug_macro   0x00013f5c       0x8e ./Core/Src/main.o
 .debug_macro   0x00013fea       0x1c ./Core/Src/main.o
 .debug_macro   0x00014006      0x185 ./Core/Src/main.o
 .debug_macro   0x0001418b       0x16 ./Core/Src/main.o
 .debug_macro   0x000141a1       0x16 ./Core/Src/main.o
 .debug_macro   0x000141b7      0x146 ./Core/Src/main.o
 .debug_macro   0x000142fd       0x16 ./Core/Src/main.o
 .debug_macro   0x00014313      0x1c4 ./Core/Src/stm32f4xx_hal_msp.o
 .debug_macro   0x000144d7      0x1ce ./Core/Src/stm32f4xx_it.o
 .debug_macro   0x000146a5      0x274 ./Core/Src/syscalls.o
 .debug_macro   0x00014919       0x5b ./Core/Src/syscalls.o
 .debug_macro   0x00014974       0x94 ./Core/Src/syscalls.o
 .debug_macro   0x00014a08       0x57 ./Core/Src/syscalls.o
 .debug_macro   0x00014a5f       0x10 ./Core/Src/syscalls.o
 .debug_macro   0x00014a6f       0x10 ./Core/Src/syscalls.o
 .debug_macro   0x00014a7f       0x10 ./Core/Src/syscalls.o
 .debug_macro   0x00014a8f       0x10 ./Core/Src/syscalls.o
 .debug_macro   0x00014a9f       0x1c ./Core/Src/syscalls.o
 .debug_macro   0x00014abb       0x52 ./Core/Src/syscalls.o
 .debug_macro   0x00014b0d       0x22 ./Core/Src/syscalls.o
 .debug_macro   0x00014b2f       0x10 ./Core/Src/syscalls.o
 .debug_macro   0x00014b3f       0x52 ./Core/Src/syscalls.o
 .debug_macro   0x00014b91       0xcf ./Core/Src/syscalls.o
 .debug_macro   0x00014c60       0x1c ./Core/Src/syscalls.o
 .debug_macro   0x00014c7c       0x3d ./Core/Src/syscalls.o
 .debug_macro   0x00014cb9       0x35 ./Core/Src/syscalls.o
 .debug_macro   0x00014cee      0x12c ./Core/Src/syscalls.o
 .debug_macro   0x00014e1a       0x16 ./Core/Src/syscalls.o
 .debug_macro   0x00014e30       0x16 ./Core/Src/syscalls.o
 .debug_macro   0x00014e46       0x29 ./Core/Src/syscalls.o
 .debug_macro   0x00014e6f       0x10 ./Core/Src/syscalls.o
 .debug_macro   0x00014e7f      0x242 ./Core/Src/syscalls.o
 .debug_macro   0x000150c1       0x1c ./Core/Src/syscalls.o
 .debug_macro   0x000150dd       0x10 ./Core/Src/syscalls.o
 .debug_macro   0x000150ed      0x18a ./Core/Src/syscalls.o
 .debug_macro   0x00015277       0x16 ./Core/Src/syscalls.o
 .debug_macro   0x0001528d       0xce ./Core/Src/syscalls.o
 .debug_macro   0x0001535b      0x112 ./Core/Src/sysmem.o
 .debug_macro   0x0001546d      0x23c ./Core/Src/sysmem.o
 .debug_macro   0x000156a9      0x1cc ./Core/Src/system_stm32f4xx.o
 .debug_macro   0x00015875      0x21a ./Drivers/STM32F4xx_HAL_Driver/Src/stm32f4xx_hal.o
 .debug_macro   0x00015a8f      0x1ba ./Drivers/STM32F4xx_HAL_Driver/Src/stm32f4xx_hal_cortex.o
 .debug_macro   0x00015c49      0x1c0 ./Drivers/STM32F4xx_HAL_Driver/Src/stm32f4xx_hal_dma.o
 .debug_macro   0x00015e09      0x1c0 ./Drivers/STM32F4xx_HAL_Driver/Src/stm32f4xx_hal_gpio.o
 .debug_macro   0x00015fc9      0x1de ./Drivers/STM32F4xx_HAL_Driver/Src/stm32f4xx_hal_rcc.o
 .debug_macro   0x000161a7      0x1bb ./Drivers/STM32F4xx_HAL_Driver/Src/stm32f4xx_hal_uart.o

.debug_line     0x00000000     0x9412
 .debug_line    0x00000000      0x95f ./Core/Src/main.o
 .debug_line    0x0000095f      0x76d ./Core/Src/stm32f4xx_hal_msp.o
 .debug_line    0x000010cc      0x7e4 ./Core/Src/stm32f4xx_it.o
 .debug_line    0x000018b0      0x8b6 ./Core/Src/syscalls.o
 .debug_line    0x00002166      0x592 ./Core/Src/sysmem.o
 .debug_line    0x000026f8      0x799 ./Core/Src/system_stm32f4xx.o
 .debug_line    0x00002e91       0x7a ./Core/Startup/startup_stm32f401retx.o
 .debug_line    0x00002f0b      0xa0f ./Drivers/STM32F4xx_HAL_Driver/Src/stm32f4xx_hal.o
 .debug_line    0x0000391a      0xcdf ./Drivers/STM32F4xx_HAL_Driver/Src/stm32f4xx_hal_cortex.o
 .debug_line    0x000045f9      0xf7b ./Drivers/STM32F4xx_HAL_Driver/Src/stm32f4xx_hal_dma.o
 .debug_line    0x00005574      0xb2b ./Drivers/STM32F4xx_HAL_Driver/Src/stm32f4xx_hal_gpio.o
 .debug_line    0x0000609f      0xe1c ./Drivers/STM32F4xx_HAL_Driver/Src/stm32f4xx_hal_rcc.o
 .debug_line    0x00006ebb     0x2557 ./Drivers/STM32F4xx_HAL_Driver/Src/stm32f4xx_hal_uart.o

.debug_str      0x00000000    0x86ec2
 .debug_str     0x00000000    0x86ec2 ./Core/Src/main.o
                              0x8340c (size before relaxing)
 .debug_str     0x00086ec2        0x0 ./Core/Src/stm32f4xx_hal_msp.o
                              0x7fde4 (size before relaxing)
 .debug_str     0x00086ec2        0x0 ./Core/Src/stm32f4xx_it.o
                              0x7f917 (size before relaxing)
 .debug_str     0x00086ec2        0x0 ./Core/Src/syscalls.o
                               0x99e4 (size before relaxing)
 .debug_str     0x00086ec2        0x0 ./Core/Src/sysmem.o
                               0x7782 (size before relaxing)
 .debug_str     0x00086ec2        0x0 ./Core/Src/system_stm32f4xx.o
                              0x7f5f7 (size before relaxing)
 .debug_str     0x00086ec2        0x0 ./Core/Startup/startup_stm32f401retx.o
                                 0x84 (size before relaxing)
 .debug_str     0x00086ec2        0x0 ./Drivers/STM32F4xx_HAL_Driver/Src/stm32f4xx_hal.o
                              0x7ffc5 (size before relaxing)
 .debug_str     0x00086ec2        0x0 ./Drivers/STM32F4xx_HAL_Driver/Src/stm32f4xx_hal_cortex.o
                              0x7fd2f (size before relaxing)
 .debug_str     0x00086ec2        0x0 ./Drivers/STM32F4xx_HAL_Driver/Src/stm32f4xx_hal_dma.o
                              0x7f9ab (size before relaxing)
 .debug_str     0x00086ec2        0x0 ./Drivers/STM32F4xx_HAL_Driver/Src/stm32f4xx_hal_gpio.o
                              0x7f71e (size before relaxing)
 .debug_str     0x00086ec2        0x0 ./Drivers/STM32F4xx_HAL_Driver/Src/stm32f4xx_hal_rcc.o
                              0x7f9d7 (size before relaxing)
 .debug_str     0x00086ec2        0x0 ./Drivers/STM32F4xx_HAL_Driver/Src/stm32f4xx_hal_uart.o
                              0x7ffa6 (size before relaxing)

.comment        0x00000000       0x43
 .comment       0x00000000       0x43 ./Core/Src/main.o
                                 0x44 (size before relaxing)
 .comment       0x00000043        0x0 ./Core/Src/stm32f4xx_hal_msp.o
                                 0x44 (size before relaxing)
 .comment       0x00000043        0x0 ./Core/Src/stm32f4xx_it.o
                                 0x44 (size before relaxing)
 .comment       0x00000043        0x0 ./Core/Src/syscalls.o
                                 0x44 (size before relaxing)
 .comment       0x00000043        0x0 ./Core/Src/sysmem.o
                                 0x44 (size before relaxing)
 .comment       0x00000043        0x0 ./Core/Src/system_stm32f4xx.o
                                 0x44 (size before relaxing)
 .comment       0x00000043        0x0 ./Drivers/STM32F4xx_HAL_Driver/Src/stm32f4xx_hal.o
                                 0x44 (size before relaxing)
 .comment       0x00000043        0x0 ./Drivers/STM32F4xx_HAL_Driver/Src/stm32f4xx_hal_cortex.o
                                 0x44 (size before relaxing)
 .comment       0x00000043        0x0 ./Drivers/STM32F4xx_HAL_Driver/Src/stm32f4xx_hal_dma.o
                                 0x44 (size before relaxing)
 .comment       0x00000043        0x0 ./Drivers/STM32F4xx_HAL_Driver/Src/stm32f4xx_hal_gpio.o
                                 0x44 (size before relaxing)
 .comment       0x00000043        0x0 ./Drivers/STM32F4xx_HAL_Driver/Src/stm32f4xx_hal_rcc.o
                                 0x44 (size before relaxing)
 .comment       0x00000043        0x0 ./Drivers/STM32F4xx_HAL_Driver/Src/stm32f4xx_hal_uart.o
                                 0x44 (size before relaxing)

.debug_frame    0x00000000     0x2514
 .debug_frame   0x00000000       0xa8 ./Core/Src/main.o
 .debug_frame   0x000000a8       0x80 ./Core/Src/stm32f4xx_hal_msp.o
 .debug_frame   0x00000128      0x120 ./Core/Src/stm32f4xx_it.o
 .debug_frame   0x00000248      0x2ac ./Core/Src/syscalls.o
 .debug_frame   0x000004f4       0x34 ./Core/Src/sysmem.o
 .debug_frame   0x00000528       0x58 ./Core/Src/system_stm32f4xx.o
 .debug_frame   0x00000580      0x374 ./Drivers/STM32F4xx_HAL_Driver/Src/stm32f4xx_hal.o
 .debug_frame   0x000008f4      0x508 ./Drivers/STM32F4xx_HAL_Driver/Src/stm32f4xx_hal_cortex.o
 .debug_frame   0x00000dfc      0x250 ./Drivers/STM32F4xx_HAL_Driver/Src/stm32f4xx_hal_dma.o
 .debug_frame   0x0000104c      0x14c ./Drivers/STM32F4xx_HAL_Driver/Src/stm32f4xx_hal_gpio.o
 .debug_frame   0x00001198      0x1f4 ./Drivers/STM32F4xx_HAL_Driver/Src/stm32f4xx_hal_rcc.o
 .debug_frame   0x0000138c      0x954 ./Drivers/STM32F4xx_HAL_Driver/Src/stm32f4xx_hal_uart.o
 .debug_frame   0x00001ce0      0x144 C:/ST/STM32CubeIDE_1.19.0/STM32CubeIDE/plugins/com.st.stm32cube.ide.mcu.externaltools.gnu-tools-for-stm32.13.3.rel1.win32_1.0.100.202509120712/tools/bin/../lib/gcc/arm-none-eabi/13.3.1/../../../../arm-none-eabi/lib/thumb/v7e-m+fp/hard\libc_nano.a(libc_a-findfp.o)
 .debug_frame   0x00001e24       0x34 C:/ST/STM32CubeIDE_1.19.0/STM32CubeIDE/plugins/com.st.stm32cube.ide.mcu.externaltools.gnu-tools-for-stm32.13.3.rel1.win32_1.0.100.202509120712/tools/bin/../lib/gcc/arm-none-eabi/13.3.1/../../../../arm-none-eabi/lib/thumb/v7e-m+fp/hard\libc_nano.a(libc_a-fwalk.o)
 .debug_frame   0x00001e58       0x6c C:/ST/STM32CubeIDE_1.19.0/STM32CubeIDE/plugins/com.st.stm32cube.ide.mcu.externaltools.gnu-tools-for-stm32.13.3.rel1.win32_1.0.100.202509120712/tools/bin/../lib/gcc/arm-none-eabi/13.3.1/../../../../arm-none-eabi/lib/thumb/v7e-m+fp/hard\libc_nano.a(libc_a-printf.o)
 .debug_frame   0x00001ec4       0x88 C:/ST/STM32CubeIDE_1.19.0/STM32CubeIDE/plugins/com.st.stm32cube.ide.mcu.externaltools.gnu-tools-for-stm32.13.3.rel1.win32_1.0.100.202509120712/tools/bin/../lib/gcc/arm-none-eabi/13.3.1/../../../../arm-none-eabi/lib/thumb/v7e-m+fp/hard\libc_nano.a(libc_a-stdio.o)
 .debug_frame   0x00001f4c       0x20 C:/ST/STM32CubeIDE_1.19.0/STM32CubeIDE/plugins/com.st.stm32cube.ide.mcu.externaltools.gnu-tools-for-stm32.13.3.rel1.win32_1.0.100.202509120712/tools/bin/../lib/gcc/arm-none-eabi/13.3.1/../../../../arm-none-eabi/lib/thumb/v7e-m+fp/hard\libc_nano.a(libc_a-memset.o)
 .debug_frame   0x00001f6c       0x2c C:/ST/STM32CubeIDE_1.19.0/STM32CubeIDE/plugins/com.st.stm32cube.ide.mcu.externaltools.gnu-tools-for-stm32.13.3.rel1.win32_1.0.100.202509120712/tools/bin/../lib/gcc/arm-none-eabi/13.3.1/../../../../arm-none-eabi/lib/thumb/v7e-m+fp/hard\libc_nano.a(libc_a-closer.o)
 .debug_frame   0x00001f98       0x38 C:/ST/STM32CubeIDE_1.19.0/STM32CubeIDE/plugins/com.st.stm32cube.ide.mcu.externaltools.gnu-tools-for-stm32.13.3.rel1.win32_1.0.100.202509120712/tools/bin/../lib/gcc/arm-none-eabi/13.3.1/../../../../arm-none-eabi/lib/thumb/v7e-m+fp/hard\libc_nano.a(libc_a-reent.o)
 .debug_frame   0x00001fd0       0x2c C:/ST/STM32CubeIDE_1.19.0/STM32CubeIDE/plugins/com.st.stm32cube.ide.mcu.externaltools.gnu-tools-for-stm32.13.3.rel1.win32_1.0.100.202509120712/tools/bin/../lib/gcc/arm-none-eabi/13.3.1/../../../../arm-none-eabi/lib/thumb/v7e-m+fp/hard\libc_nano.a(libc_a-lseekr.o)
 .debug_frame   0x00001ffc       0x2c C:/ST/STM32CubeIDE_1.19.0/STM32CubeIDE/plugins/com.st.stm32cube.ide.mcu.externaltools.gnu-tools-for-stm32.13.3.rel1.win32_1.0.100.202509120712/tools/bin/../lib/gcc/arm-none-eabi/13.3.1/../../../../arm-none-eabi/lib/thumb/v7e-m+fp/hard\libc_nano.a(libc_a-readr.o)
 .debug_frame   0x00002028       0x2c C:/ST/STM32CubeIDE_1.19.0/STM32CubeIDE/plugins/com.st.stm32cube.ide.mcu.externaltools.gnu-tools-for-stm32.13.3.rel1.win32_1.0.100.202509120712/tools/bin/../lib/gcc/arm-none-eabi/13.3.1/../../../../arm-none-eabi/lib/thumb/v7e-m+fp/hard\libc_nano.a(libc_a-writer.o)
 .debug_frame   0x00002054       0x20 C:/ST/STM32CubeIDE_1.19.0/STM32CubeIDE/plugins/com.st.stm32cube.ide.mcu.externaltools.gnu-tools-for-stm32.13.3.rel1.win32_1.0.100.202509120712/tools/bin/../lib/gcc/arm-none-eabi/13.3.1/../../../../arm-none-eabi/lib/thumb/v7e-m+fp/hard\libc_nano.a(libc_a-errno.o)
 .debug_frame   0x00002074       0x2c C:/ST/STM32CubeIDE_1.19.0/STM32CubeIDE/plugins/com.st.stm32cube.ide.mcu.externaltools.gnu-tools-for-stm32.13.3.rel1.win32_1.0.100.202509120712/tools/bin/../lib/gcc/arm-none-eabi/13.3.1/../../../../arm-none-eabi/lib/thumb/v7e-m+fp/hard\libc_nano.a(libc_a-init.o)
 .debug_frame   0x000020a0       0xb0 C:/ST/STM32CubeIDE_1.19.0/STM32CubeIDE/plugins/com.st.stm32cube.ide.mcu.externaltools.gnu-tools-for-stm32.13.3.rel1.win32_1.0.100.202509120712/tools/bin/../lib/gcc/arm-none-eabi/13.3.1/../../../../arm-none-eabi/lib/thumb/v7e-m+fp/hard\libc_nano.a(libc_a-lock.o)
 .debug_frame   0x00002150       0x38 C:/ST/STM32CubeIDE_1.19.0/STM32CubeIDE/plugins/com.st.stm32cube.ide.mcu.externaltools.gnu-tools-for-stm32.13.3.rel1.win32_1.0.100.202509120712/tools/bin/../lib/gcc/arm-none-eabi/13.3.1/../../../../arm-none-eabi/lib/thumb/v7e-m+fp/hard\libc_nano.a(libc_a-freer.o)
 .debug_frame   0x00002188       0x50 C:/ST/STM32CubeIDE_1.19.0/STM32CubeIDE/plugins/com.st.stm32cube.ide.mcu.externaltools.gnu-tools-for-stm32.13.3.rel1.win32_1.0.100.202509120712/tools/bin/../lib/gcc/arm-none-eabi/13.3.1/../../../../arm-none-eabi/lib/thumb/v7e-m+fp/hard\libc_nano.a(libc_a-mallocr.o)
 .debug_frame   0x000021d8       0x30 C:/ST/STM32CubeIDE_1.19.0/STM32CubeIDE/plugins/com.st.stm32cube.ide.mcu.externaltools.gnu-tools-for-stm32.13.3.rel1.win32_1.0.100.202509120712/tools/bin/../lib/gcc/arm-none-eabi/13.3.1/../../../../arm-none-eabi/lib/thumb/v7e-m+fp/hard\libc_nano.a(libc_a-mlock.o)
 .debug_frame   0x00002208       0xa8 C:/ST/STM32CubeIDE_1.19.0/STM32CubeIDE/plugins/com.st.stm32cube.ide.mcu.externaltools.gnu-tools-for-stm32.13.3.rel1.win32_1.0.100.202509120712/tools/bin/../lib/gcc/arm-none-eabi/13.3.1/../../../../arm-none-eabi/lib/thumb/v7e-m+fp/hard\libc_nano.a(libc_a-nano-vfprintf.o)
 .debug_frame   0x000022b0       0x60 C:/ST/STM32CubeIDE_1.19.0/STM32CubeIDE/plugins/com.st.stm32cube.ide.mcu.externaltools.gnu-tools-for-stm32.13.3.rel1.win32_1.0.100.202509120712/tools/bin/../lib/gcc/arm-none-eabi/13.3.1/../../../../arm-none-eabi/lib/thumb/v7e-m+fp/hard\libc_nano.a(libc_a-nano-vfprintf_i.o)
 .debug_frame   0x00002310       0x5c C:/ST/STM32CubeIDE_1.19.0/STM32CubeIDE/plugins/com.st.stm32cube.ide.mcu.externaltools.gnu-tools-for-stm32.13.3.rel1.win32_1.0.100.202509120712/tools/bin/../lib/gcc/arm-none-eabi/13.3.1/../../../../arm-none-eabi/lib/thumb/v7e-m+fp/hard\libc_nano.a(libc_a-fflush.o)
 .debug_frame   0x0000236c       0x40 C:/ST/STM32CubeIDE_1.19.0/STM32CubeIDE/plugins/com.st.stm32cube.ide.mcu.externaltools.gnu-tools-for-stm32.13.3.rel1.win32_1.0.100.202509120712/tools/bin/../lib/gcc/arm-none-eabi/13.3.1/../../../../arm-none-eabi/lib/thumb/v7e-m+fp/hard\libc_nano.a(libc_a-wbuf.o)
 .debug_frame   0x000023ac       0x2c C:/ST/STM32CubeIDE_1.19.0/STM32CubeIDE/plugins/com.st.stm32cube.ide.mcu.externaltools.gnu-tools-for-stm32.13.3.rel1.win32_1.0.100.202509120712/tools/bin/../lib/gcc/arm-none-eabi/13.3.1/../../../../arm-none-eabi/lib/thumb/v7e-m+fp/hard\libc_nano.a(libc_a-wsetup.o)
 .debug_frame   0x000023d8       0x2c C:/ST/STM32CubeIDE_1.19.0/STM32CubeIDE/plugins/com.st.stm32cube.ide.mcu.externaltools.gnu-tools-for-stm32.13.3.rel1.win32_1.0.100.202509120712/tools/bin/../lib/gcc/arm-none-eabi/13.3.1/../../../../arm-none-eabi/lib/thumb/v7e-m+fp/hard\libc_nano.a(libc_a-sbrkr.o)
 .debug_frame   0x00002404       0x58 C:/ST/STM32CubeIDE_1.19.0/STM32CubeIDE/plugins/com.st.stm32cube.ide.mcu.externaltools.gnu-tools-for-stm32.13.3.rel1.win32_1.0.100.202509120712/tools/bin/../lib/gcc/arm-none-eabi/13.3.1/../../../../arm-none-eabi/lib/thumb/v7e-m+fp/hard\libc_nano.a(libc_a-makebuf.o)
 .debug_frame   0x0000245c       0x2c C:/ST/STM32CubeIDE_1.19.0/STM32CubeIDE/plugins/com.st.stm32cube.ide.mcu.externaltools.gnu-tools-for-stm32.13.3.rel1.win32_1.0.100.202509120712/tools/bin/../lib/gcc/arm-none-eabi/13.3.1/../../../../arm-none-eabi/lib/thumb/v7e-m+fp/hard\libc_nano.a(libc_a-fstatr.o)
 .debug_frame   0x00002488       0x2c C:/ST/STM32CubeIDE_1.19.0/STM32CubeIDE/plugins/com.st.stm32cube.ide.mcu.externaltools.gnu-tools-for-stm32.13.3.rel1.win32_1.0.100.202509120712/tools/bin/../lib/gcc/arm-none-eabi/13.3.1/../../../../arm-none-eabi/lib/thumb/v7e-m+fp/hard\libc_nano.a(libc_a-isattyr.o)
 .debug_frame   0x000024b4       0x2c C:/ST/STM32CubeIDE_1.19.0/STM32CubeIDE/plugins/com.st.stm32cube.ide.mcu.externaltools.gnu-tools-for-stm32.13.3.rel1.win32_1.0.100.202509120712/tools/bin/../lib/gcc/arm-none-eabi/13.3.1/thumb/v7e-m+fp/hard\libgcc.a(_aeabi_uldivmod.o)
 .debug_frame   0x000024e0       0x34 C:/ST/STM32CubeIDE_1.19.0/STM32CubeIDE/plugins/com.st.stm32cube.ide.mcu.externaltools.gnu-tools-for-stm32.13.3.rel1.win32_1.0.100.202509120712/tools/bin/../lib/gcc/arm-none-eabi/13.3.1/thumb/v7e-m+fp/hard\libgcc.a(_udivmoddi4.o)

.debug_line_str
                0x00000000       0x68
 .debug_line_str
                0x00000000       0x68 ./Core/Startup/startup_stm32f401retx.o
